Component: ARM Compiler 5.06 update 7 (build 960) Tool: armlink [4d3601]

==============================================================================

Section Cross References

    main.o(.text) refers to misc.o(.text) for NVIC_PriorityGroupConfig
    main.o(.text) refers to delay.o(.text) for delay_init
    main.o(.text) refers to usart.o(.text) for uart_init
    main.o(.text) refers to led.o(.text) for LED_Init
    main.o(.text) refers to lcd.o(.text) for LCD_Init
    main.o(.text) refers to key.o(.text) for KEY_Init
    main.o(.text) refers to timer.o(.text) for TIM3_Int_Init
    main.o(.text) refers to lv_obj.o(.text) for lv_init
    main.o(.text) refers to lv_port_disp.o(.text) for lv_port_disp_init
    main.o(.text) refers to lv_port_indev.o(.text) for lv_port_indev_init
    main.o(.text) refers to lv_cont_test.o(.text) for lv_cont_test_start
    main.o(.text) refers to lv_task.o(.text) for lv_task_handler
    main.o(.text) refers to touch.o(.data) for tp_dev
    system_stm32f4xx.o(.text) refers to system_stm32f4xx.o(.data) for SystemCoreClock
    led.o(.text) refers to stm32f4xx_rcc.o(.text) for RCC_AHB1PeriphClockCmd
    led.o(.text) refers to stm32f4xx_gpio.o(.text) for GPIO_Init
    lcd.o(.text) refers to _printf_percent.o(.ARM.Collect$$_printf_percent$$00000000) for _printf_percent
    lcd.o(.text) refers to _printf_x.o(.ARM.Collect$$_printf_percent$$0000000C) for _printf_x
    lcd.o(.text) refers to _printf_hex_int.o(.text) for _printf_longlong_hex
    lcd.o(.text) refers to delay.o(.text) for delay_us
    lcd.o(.text) refers to lcd.o(.bss) for lcddev
    lcd.o(.text) refers to dflt_clz.o(x$fpl$dfltu) for __aeabi_ui2d
    lcd.o(.text) refers to dmul.o(x$fpl$dmul) for __aeabi_dmul
    lcd.o(.text) refers to dfixu.o(x$fpl$dfixu) for __aeabi_d2uiz
    lcd.o(.text) refers to lcd.o(.data) for POINT_COLOR
    lcd.o(.text) refers to stm32f4xx_rcc.o(.text) for RCC_AHB1PeriphClockCmd
    lcd.o(.text) refers to stm32f4xx_gpio.o(.text) for GPIO_Init
    lcd.o(.text) refers to stm32f4xx_fsmc.o(.text) for FSMC_NORSRAMInit
    lcd.o(.text) refers to noretval__2printf.o(.text) for __2printf
    lcd.o(.text) refers to lcd.o(.constdata) for asc2_1206
    key.o(.text) refers to stm32f4xx_rcc.o(.text) for RCC_AHB1PeriphClockCmd
    key.o(.text) refers to stm32f4xx_gpio.o(.text) for GPIO_Init
    key.o(.text) refers to delay.o(.text) for delay_ms
    key.o(.text) refers to key.o(.data) for key_up
    myiic.o(.text) refers to stm32f4xx_rcc.o(.text) for RCC_AHB1PeriphClockCmd
    myiic.o(.text) refers to stm32f4xx_gpio.o(.text) for GPIO_Init
    myiic.o(.text) refers to delay.o(.text) for delay_us
    24cxx.o(.text) refers to myiic.o(.text) for IIC_Init
    24cxx.o(.text) refers to delay.o(.text) for delay_ms
    ctiic.o(.text) refers to delay.o(.text) for delay_us
    ctiic.o(.text) refers to stm32f4xx_rcc.o(.text) for RCC_AHB1PeriphClockCmd
    ctiic.o(.text) refers to stm32f4xx_gpio.o(.text) for GPIO_Init
    gt9147.o(.text) refers to _printf_percent.o(.ARM.Collect$$_printf_percent$$00000000) for _printf_percent
    gt9147.o(.text) refers to _printf_s.o(.ARM.Collect$$_printf_percent$$00000014) for _printf_s
    gt9147.o(.text) refers to _printf_str.o(.text) for _printf_str
    gt9147.o(.text) refers to _printf_d.o(.ARM.Collect$$_printf_percent$$00000009) for _printf_d
    gt9147.o(.text) refers to _printf_dec.o(.text) for _printf_int_dec
    gt9147.o(.text) refers to ctiic.o(.text) for CT_IIC_Start
    gt9147.o(.text) refers to stm32f4xx_rcc.o(.text) for RCC_AHB1PeriphClockCmd
    gt9147.o(.text) refers to stm32f4xx_gpio.o(.text) for GPIO_Init
    gt9147.o(.text) refers to delay.o(.text) for delay_ms
    gt9147.o(.text) refers to noretval__2printf.o(.text) for __2printf
    gt9147.o(.text) refers to strcmpv7m.o(.text) for strcmp
    gt9147.o(.text) refers to gt9147.o(.constdata) for GT9147_CFG_TBL
    gt9147.o(.text) refers to gt9147.o(.data) for t
    gt9147.o(.text) refers to touch.o(.data) for tp_dev
    gt9147.o(.text) refers to lcd.o(.bss) for lcddev
    ott2001a.o(.text) refers to _printf_percent.o(.ARM.Collect$$_printf_percent$$00000000) for _printf_percent
    ott2001a.o(.text) refers to _printf_x.o(.ARM.Collect$$_printf_percent$$0000000C) for _printf_x
    ott2001a.o(.text) refers to _printf_hex_int.o(.text) for _printf_longlong_hex
    ott2001a.o(.text) refers to ctiic.o(.text) for CT_IIC_Start
    ott2001a.o(.text) refers to stm32f4xx_rcc.o(.text) for RCC_AHB1PeriphClockCmd
    ott2001a.o(.text) refers to stm32f4xx_gpio.o(.text) for GPIO_Init
    ott2001a.o(.text) refers to delay.o(.text) for delay_ms
    ott2001a.o(.text) refers to noretval__2printf.o(.text) for __2printf
    ott2001a.o(.text) refers to dflt_clz.o(x$fpl$dflt) for __aeabi_i2d
    ott2001a.o(.text) refers to dmul.o(x$fpl$dmul) for __aeabi_dmul
    ott2001a.o(.text) refers to dfixu.o(x$fpl$dfixu) for __aeabi_d2uiz
    ott2001a.o(.text) refers to daddsub_clz.o(x$fpl$drsb) for __aeabi_drsub
[...]
    RCC_AHB1PeriphClockLPModeCmd             0x0800704d   Thumb Code    34  stm32f4xx_rcc.o(.text)
    RCC_AHB2PeriphClockLPModeCmd             0x0800706f   Thumb Code    34  stm32f4xx_rcc.o(.text)
    RCC_AHB3PeriphClockLPModeCmd             0x08007091   Thumb Code    34  stm32f4xx_rcc.o(.text)
    RCC_APB1PeriphClockLPModeCmd             0x080070b3   Thumb Code    34  stm32f4xx_rcc.o(.text)
    RCC_APB2PeriphClockLPModeCmd             0x080070d5   Thumb Code    34  stm32f4xx_rcc.o(.text)
    RCC_LSEModeConfig                        0x080070f7   Thumb Code    40  stm32f4xx_rcc.o(.text)
    RCC_ITConfig                             0x0800711f   Thumb Code    34  stm32f4xx_rcc.o(.text)
    RCC_ClearFlag                            0x08007141   Thumb Code    18  stm32f4xx_rcc.o(.text)
    RCC_GetITStatus                          0x08007153   Thumb Code    22  stm32f4xx_rcc.o(.text)
    RCC_ClearITPendingBit                    0x08007169   Thumb Code     8  stm32f4xx_rcc.o(.text)
    USART_DeInit                             0x08007175   Thumb Code   206  stm32f4xx_usart.o(.text)
    USART_Init                               0x08007243   Thumb Code   204  stm32f4xx_usart.o(.text)
    USART_StructInit                         0x0800730f   Thumb Code    24  stm32f4xx_usart.o(.text)
    USART_ClockInit                          0x08007327   Thumb Code    32  stm32f4xx_usart.o(.text)
    USART_ClockStructInit                    0x08007347   Thumb Code    12  stm32f4xx_usart.o(.text)
    USART_Cmd                                0x08007353   Thumb Code    24  stm32f4xx_usart.o(.text)
    USART_SetPrescaler                       0x0800736b   Thumb Code    16  stm32f4xx_usart.o(.text)
    USART_OverSampling8Cmd                   0x0800737b   Thumb Code    22  stm32f4xx_usart.o(.text)
    USART_OneBitMethodCmd                    0x08007391   Thumb Code    24  stm32f4xx_usart.o(.text)
    USART_SendData                           0x080073a9   Thumb Code     8  stm32f4xx_usart.o(.text)
    USART_ReceiveData                        0x080073b1   Thumb Code    10  stm32f4xx_usart.o(.text)
    USART_SetAddress                         0x080073bb   Thumb Code    18  stm32f4xx_usart.o(.text)
    USART_ReceiverWakeUpCmd                  0x080073cd   Thumb Code    24  stm32f4xx_usart.o(.text)
    USART_WakeUpConfig                       0x080073e5   Thumb Code    18  stm32f4xx_usart.o(.text)
    USART_LINBreakDetectLengthConfig         0x080073f7   Thumb Code    18  stm32f4xx_usart.o(.text)
    USART_LINCmd                             0x08007409   Thumb Code    24  stm32f4xx_usart.o(.text)
    USART_SendBreak                          0x08007421   Thumb Code    10  stm32f4xx_usart.o(.text)
    USART_HalfDuplexCmd                      0x0800742b   Thumb Code    24  stm32f4xx_usart.o(.text)
    USART_SetGuardTime                       0x08007443   Thumb Code    16  stm32f4xx_usart.o(.text)
    USART_SmartCardCmd                       0x08007453   Thumb Code    24  stm32f4xx_usart.o(.text)
    USART_SmartCardNACKCmd                   0x0800746b   Thumb Code    24  stm32f4xx_usart.o(.text)
    USART_IrDAConfig                         0x08007483   Thumb Code    18  stm32f4xx_usart.o(.text)
    USART_IrDACmd                            0x08007495   Thumb Code    24  stm32f4xx_usart.o(.text)
    USART_DMACmd                             0x080074ad   Thumb Code    18  stm32f4xx_usart.o(.text)
    USART_ITConfig                           0x080074bf   Thumb Code    74  stm32f4xx_usart.o(.text)
    USART_GetFlagStatus                      0x08007509   Thumb Code    26  stm32f4xx_usart.o(.text)
    USART_ClearFlag                          0x08007523   Thumb Code    18  stm32f4xx_usart.o(.text)
    USART_GetITStatus                        0x08007535   Thumb Code   118  stm32f4xx_usart.o(.text)
    USART_ClearITPendingBit                  0x080075ab   Thumb Code    30  stm32f4xx_usart.o(.text)
    TIM_DeInit                               0x080075c9   Thumb Code   346  stm32f4xx_tim.o(.text)
    TIM_TimeBaseInit                         0x08007723   Thumb Code   104  stm32f4xx_tim.o(.text)
    TIM_TimeBaseStructInit                   0x0800778b   Thumb Code    18  stm32f4xx_tim.o(.text)
    TIM_PrescalerConfig                      0x0800779d   Thumb Code     6  stm32f4xx_tim.o(.text)
    TIM_CounterModeConfig                    0x080077a3   Thumb Code    18  stm32f4xx_tim.o(.text)
    TIM_SetCounter                           0x080077b5   Thumb Code     4  stm32f4xx_tim.o(.text)
    TIM_SetAutoreload                        0x080077b9   Thumb Code     4  stm32f4xx_tim.o(.text)
    TIM_GetCounter                           0x080077bd   Thumb Code     6  stm32f4xx_tim.o(.text)
    TIM_GetPrescaler                         0x080077c3   Thumb Code     6  stm32f4xx_tim.o(.text)
    TIM_UpdateDisableConfig                  0x080077c9   Thumb Code    24  stm32f4xx_tim.o(.text)
    TIM_UpdateRequestConfig                  0x080077e1   Thumb Code    24  stm32f4xx_tim.o(.text)
    TIM_ARRPreloadConfig                     0x080077f9   Thumb Code    24  stm32f4xx_tim.o(.text)
    TIM_SelectOnePulseMode                   0x08007811   Thumb Code    18  stm32f4xx_tim.o(.text)
    TIM_SetClockDivision                     0x08007823   Thumb Code    18  stm32f4xx_tim.o(.text)
    TIM_Cmd                                  0x08007835   Thumb Code    24  stm32f4xx_tim.o(.text)
    TIM_OC1Init                              0x0800784d   Thumb Code   114  stm32f4xx_tim.o(.text)
    TIM_OC2Init                              0x080078bf   Thumb Code   154  stm32f4xx_tim.o(.text)
    TIM_OC3Init                              0x08007959   Thumb Code   204  stm32f4xx_tim.o(.text)
    TIM_OC4Init                              0x08007a25   Thumb Code   112  stm32f4xx_tim.o(.text)
    TIM_OCStructInit                         0x08007a95   Thumb Code    20  stm32f4xx_tim.o(.text)
    TIM_SelectOCxM                           0x08007aa9   Thumb Code    86  stm32f4xx_tim.o(.text)
    TIM_SetCompare1                          0x08007aff   Thumb Code     4  stm32f4xx_tim.o(.text)
    TIM_SetCompare2                          0x08007b03   Thumb Code     4  stm32f4xx_tim.o(.text)
    TIM_SetCompare3                          0x08007b07   Thumb Code     4  stm32f4xx_tim.o(.text)
    TIM_SetCompare4                          0x08007b0b   Thumb Code     4  stm32f4xx_tim.o(.text)
    TIM_ForcedOC1Config                      0x08007b0f   Thumb Code    18  stm32f4xx_tim.o(.text)
    TIM_ForcedOC2Config                      0x08007b21   Thumb Code    26  stm32f4xx_tim.o(.text)
    TIM_ForcedOC3Config                      0x08007b3b   Thumb Code    18  stm32f4xx_tim.o(.text)
    TIM_ForcedOC4Config                      0x08007b4d   Thumb Code    26  stm32f4xx_tim.o(.text)
    TIM_OC1PreloadConfig                     0x08007b67   Thumb Code    18  stm32f4xx_tim.o(.text)
    TIM_OC2PreloadConfig                     0x08007b79   Thumb Code    26  stm32f4xx_tim.o(.text)
    TIM_OC3PreloadConfig                     0x08007b93   Thumb Code    18  stm32f4xx_tim.o(.text)
    TIM_OC4PreloadConfig                     0x08007ba5   Thumb Code    26  stm32f4xx_tim.o(.text)
    TIM_OC1FastConfig                        0x08007bbf   Thumb Code    18  stm32f4xx_tim.o(.text)
    TIM_OC2FastConfig                        0x08007bd1   Thumb Code    26  stm32f4xx_tim.o(.text)
    TIM_OC3FastConfig                        0x08007beb   Thumb Code    18  stm32f4xx_tim.o(.text)
    TIM_OC4FastConfig                        0x08007bfd   Thumb Code    26  stm32f4xx_tim.o(.text)
    TIM_ClearOC1Ref                          0x08007c17   Thumb Code    18  stm32f4xx_tim.o(.text)
    TIM_ClearOC2Ref                          0x08007c29   Thumb Code    24  stm32f4xx_tim.o(.text)
    TIM_ClearOC3Ref                          0x08007c41   Thumb Code    18  stm32f4xx_tim.o(.text)
    TIM_ClearOC4Ref                          0x08007c53   Thumb Code    24  stm32f4xx_tim.o(.text)
    TIM_OC1PolarityConfig                    0x08007c6b   Thumb Code    18  stm32f4xx_tim.o(.text)
    TIM_OC1NPolarityConfig                   0x08007c7d   Thumb Code    18  stm32f4xx_tim.o(.text)
    TIM_OC2PolarityConfig                    0x08007c8f   Thumb Code    26  stm32f4xx_tim.o(.text)
    TIM_OC2NPolarityConfig                   0x08007ca9   Thumb Code    26  stm32f4xx_tim.o(.text)
    TIM_OC3PolarityConfig                    0x08007cc3   Thumb Code    26  stm32f4xx_tim.o(.text)
    TIM_OC3NPolarityConfig                   0x08007cdd   Thumb Code    26  stm32f4xx_tim.o(.text)
    TIM_OC4PolarityConfig                    0x08007cf7   Thumb Code    26  stm32f4xx_tim.o(.text)
    TIM_CCxCmd                               0x08007d11   Thumb Code    30  stm32f4xx_tim.o(.text)
    TIM_CCxNCmd                              0x08007d2f   Thumb Code    30  stm32f4xx_tim.o(.text)
    TIM_SetIC4Prescaler                      0x08007d4d   Thumb Code    26  stm32f4xx_tim.o(.text)
    TIM_SetIC3Prescaler                      0x08007db7   Thumb Code    18  stm32f4xx_tim.o(.text)
    TIM_SetIC2Prescaler                      0x08007e11   Thumb Code    26  stm32f4xx_tim.o(.text)
    TIM_SetIC1Prescaler                      0x08007e85   Thumb Code    18  stm32f4xx_tim.o(.text)
    TIM_ICInit                               0x08007ed1   Thumb Code   110  stm32f4xx_tim.o(.text)
    TIM_ICStructInit                         0x08007f3f   Thumb Code    18  stm32f4xx_tim.o(.text)
    TIM_PWMIConfig                           0x08007f51   Thumb Code   124  stm32f4xx_tim.o(.text)
    TIM_GetCapture1                          0x08007fcd   Thumb Code     6  stm32f4xx_tim.o(.text)
    TIM_GetCapture2                          0x08007fd3   Thumb Code     6  stm32f4xx_tim.o(.text)
    TIM_GetCapture3                          0x08007fd9   Thumb Code     6  stm32f4xx_tim.o(.text)
    TIM_GetCapture4                          0x08007fdf   Thumb Code     6  stm32f4xx_tim.o(.text)
    TIM_BDTRConfig                           0x08007fe5   Thumb Code    32  stm32f4xx_tim.o(.text)
    TIM_BDTRStructInit                       0x08008005   Thumb Code    18  stm32f4xx_tim.o(.text)
    TIM_CtrlPWMOutputs                       0x08008017   Thumb Code    30  stm32f4xx_tim.o(.text)
    TIM_SelectCOM                            0x08008035   Thumb Code    24  stm32f4xx_tim.o(.text)
    TIM_CCPreloadControl                     0x0800804d   Thumb Code    24  stm32f4xx_tim.o(.text)
    TIM_ITConfig                             0x08008065   Thumb Code    18  stm32f4xx_tim.o(.text)
    TIM_GenerateEvent                        0x08008077   Thumb Code     4  stm32f4xx_tim.o(.text)
    TIM_GetFlagStatus                        0x0800807b   Thumb Code    18  stm32f4xx_tim.o(.text)
    TIM_ClearFlag                            0x0800808d   Thumb Code     6  stm32f4xx_tim.o(.text)
    TIM_GetITStatus                          0x08008093   Thumb Code    34  stm32f4xx_tim.o(.text)
    TIM_ClearITPendingBit                    0x080080b5   Thumb Code     6  stm32f4xx_tim.o(.text)
    TIM_DMAConfig                            0x080080bb   Thumb Code    10  stm32f4xx_tim.o(.text)
    TIM_DMACmd                               0x080080c5   Thumb Code    18  stm32f4xx_tim.o(.text)
    TIM_SelectCCDMA                          0x080080d7   Thumb Code    24  stm32f4xx_tim.o(.text)
    TIM_InternalClockConfig                  0x080080ef   Thumb Code    12  stm32f4xx_tim.o(.text)
    TIM_SelectInputTrigger                   0x080080fb   Thumb Code    18  stm32f4xx_tim.o(.text)
    TIM_ITRxExternalClockConfig              0x0800810d   Thumb Code    24  stm32f4xx_tim.o(.text)
    TIM_TIxExternalClockConfig               0x08008125   Thumb Code    62  stm32f4xx_tim.o(.text)
    TIM_ETRConfig                            0x08008163   Thumb Code    28  stm32f4xx_tim.o(.text)
    TIM_ETRClockMode1Config                  0x0800817f   Thumb Code    54  stm32f4xx_tim.o(.text)
    TIM_ETRClockMode2Config                  0x080081b5   Thumb Code    32  stm32f4xx_tim.o(.text)
    TIM_SelectOutputTrigger                  0x080081d5   Thumb Code    18  stm32f4xx_tim.o(.text)
    TIM_SelectSlaveMode                      0x080081e7   Thumb Code    18  stm32f4xx_tim.o(.text)
    TIM_SelectMasterSlaveMode                0x080081f9   Thumb Code    18  stm32f4xx_tim.o(.text)
    TIM_EncoderInterfaceConfig               0x0800820b   Thumb Code    66  stm32f4xx_tim.o(.text)
    TIM_SelectHallSensor                     0x0800824d   Thumb Code    24  stm32f4xx_tim.o(.text)
    TIM_RemapConfig                          0x08008265   Thumb Code     6  stm32f4xx_tim.o(.text)
    lv_disp_get_scr_act                      0x0800826b   Thumb Code    22  lv_disp.o(.text)
    lv_disp_load_scr                         0x08008281   Thumb Code    22  lv_disp.o(.text)
    lv_disp_get_layer_top                    0x08008297   Thumb Code    22  lv_disp.o(.text)
    lv_disp_get_layer_sys                    0x080082ad   Thumb Code    22  lv_disp.o(.text)
    lv_disp_assign_screen                    0x080082c3   Thumb Code    50  lv_disp.o(.text)
    lv_disp_get_refr_task                    0x080082f5   Thumb Code    22  lv_disp.o(.text)
    lv_disp_get_inactive_time                0x0800830b   Thumb Code    86  lv_disp.o(.text)
    lv_disp_trig_activity                    0x08008361   Thumb Code    28  lv_disp.o(.text)
    lv_group_init                            0x080083f9   Thumb Code    12  lv_group.o(.text)
    lv_group_create                          0x080085a3   Thumb Code   110  lv_group.o(.text)
    lv_group_del                             0x08008611   Thumb Code    80  lv_group.o(.text)
    lv_group_focus_prev                      0x08008783   Thumb Code    16  lv_group.o(.text)
    lv_group_focus_next                      0x08008793   Thumb Code    16  lv_group.o(.text)
    lv_group_add_obj                         0x08008809   Thumb Code   106  lv_group.o(.text)
    lv_group_remove_obj                      0x08008873   Thumb Code   136  lv_group.o(.text)
    lv_group_remove_all_objs                 0x080088fb   Thumb Code    70  lv_group.o(.text)
    lv_group_get_focused                     0x08008941   Thumb Code    22  lv_group.o(.text)
    lv_group_set_editing                     0x08008957   Thumb Code    92  lv_group.o(.text)
    lv_group_focus_obj                       0x080089b3   Thumb Code   188  lv_group.o(.text)
    lv_group_focus_freeze                    0x08008a6f   Thumb Code    32  lv_group.o(.text)
    lv_group_send_data                       0x08008a8f   Thumb Code    62  lv_group.o(.text)
    lv_group_set_style_mod_cb                0x08008acd   Thumb Code    22  lv_group.o(.text)
    lv_group_set_style_mod_edit_cb           0x08008ae3   Thumb Code    22  lv_group.o(.text)
    lv_group_set_focus_cb                    0x08008af9   Thumb Code     4  lv_group.o(.text)
    lv_group_set_click_focus                 0x08008afd   Thumb Code    14  lv_group.o(.text)
    lv_group_set_refocus_policy              0x08008b0b   Thumb Code    14  lv_group.o(.text)
    lv_group_set_wrap                        0x08008b19   Thumb Code    14  lv_group.o(.text)
    lv_group_mod_style                       0x08008b27   Thumb Code    62  lv_group.o(.text)
    lv_group_get_style_mod_cb                0x08008b65   Thumb Code    12  lv_group.o(.text)
    lv_group_get_style_mod_edit_cb           0x08008b71   Thumb Code    12  lv_group.o(.text)
    lv_group_get_focus_cb                    0x08008b7d   Thumb Code    12  lv_group.o(.text)
    lv_group_get_editing                     0x08008b89   Thumb Code    18  lv_group.o(.text)
    lv_group_get_click_focus                 0x08008b9b   Thumb Code    18  lv_group.o(.text)
    lv_group_get_wrap                        0x08008bad   Thumb Code    18  lv_group.o(.text)
    lv_group_report_style_mod                0x08008bbf   Thumb Code    58  lv_group.o(.text)
    lv_indev_reset                           0x08008bfd   Thumb Code    62  lv_indev.o(.text)
    lv_indev_init                            0x08008c3b   Thumb Code    10  lv_indev.o(.text)
    lv_indev_read_task                       0x08009df7   Thumb Code   250  lv_indev.o(.text)
    lv_indev_get_act                         0x08009ef1   Thumb Code     6  lv_indev.o(.text)
    lv_indev_get_type                        0x08009ef7   Thumb Code    12  lv_indev.o(.text)
    lv_indev_reset_long_press                0x08009f03   Thumb Code    30  lv_indev.o(.text)
    lv_indev_enable                          0x08009f21   Thumb Code    22  lv_indev.o(.text)
    lv_indev_set_cursor                      0x08009f37   Thumb Code    50  lv_indev.o(.text)
    lv_indev_set_group                       0x08009f69   Thumb Code    16  lv_indev.o(.text)
    lv_indev_set_button_points               0x08009f79   Thumb Code    10  lv_indev.o(.text)
    lv_indev_get_point                       0x08009f83   Thumb Code    32  lv_indev.o(.text)
    lv_indev_get_key                         0x08009fa3   Thumb Code    16  lv_indev.o(.text)
    lv_indev_is_dragging                     0x08009fb3   Thumb Code    34  lv_indev.o(.text)
    lv_indev_get_vect                        0x08009fd5   Thumb Code    42  lv_indev.o(.text)
    lv_indev_wait_release                    0x08009fff   Thumb Code    16  lv_indev.o(.text)
    lv_indev_get_read_task                   0x0800a00f   Thumb Code    12  lv_indev.o(.text)
    lv_indev_get_obj_act                     0x0800a01b   Thumb Code     6  lv_indev.o(.text)
    lv_init                                  0x0800a029   Thumb Code    76  lv_obj.o(.text)
    lv_obj_get_parent                        0x0800a075   Thumb Code     6  lv_obj.o(.text)
    lv_obj_get_hidden                        0x0800a07b   Thumb Code    12  lv_obj.o(.text)
    lv_obj_get_screen                        0x0800a087   Thumb Code    26  lv_obj.o(.text)
    lv_obj_get_disp                          0x0800a0a1   Thumb Code    88  lv_obj.o(.text)
    lv_obj_invalidate                        0x0800a0f9   Thumb Code   206  lv_obj.o(.text)
    lv_obj_get_coords                        0x0800a217   Thumb Code    18  lv_obj.o(.text)
    lv_obj_set_pos                           0x0800a229   Thumb Code   162  lv_obj.o(.text)
    lv_obj_get_y                             0x0800a2cb   Thumb Code    24  lv_obj.o(.text)
    lv_obj_get_x                             0x0800a2e3   Thumb Code    24  lv_obj.o(.text)
    lv_obj_get_opa_scale                     0x0800a2fb   Thumb Code    40  lv_obj.o(.text)
    lv_obj_get_group                         0x0800a323   Thumb Code     6  lv_obj.o(.text)
    lv_obj_get_style                         0x0800a329   Thumb Code   108  lv_obj.o(.text)
    lv_obj_set_design_cb                     0x0800a46f   Thumb Code     4  lv_obj.o(.text)
    lv_obj_refresh_ext_draw_pad              0x0800a473   Thumb Code    26  lv_obj.o(.text)
    lv_obj_is_protected                      0x0800a48d   Thumb Code    18  lv_obj.o(.text)
    lv_obj_set_signal_cb                     0x0800a4fd   Thumb Code     4  lv_obj.o(.text)
    lv_obj_create                            0x0800a501   Thumb Code   740  lv_obj.o(.text)
    lv_event_send_func                       0x0800a7ff   Thumb Code   146  lv_obj.o(.text)
    lv_event_send                            0x0800a891   Thumb Code    36  lv_obj.o(.text)
    lv_obj_del                               0x0800a99d   Thumb Code   240  lv_obj.o(.text)
    lv_obj_del_async                         0x0800aa99   Thumb Code    14  lv_obj.o(.text)
    lv_obj_get_child                         0x0800aaa7   Thumb Code    34  lv_obj.o(.text)
    lv_obj_clean                             0x0800aac9   Thumb Code    40  lv_obj.o(.text)
    lv_obj_set_parent                        0x0800aaf1   Thumb Code   104  lv_obj.o(.text)
    lv_obj_move_foreground                   0x0800ab59   Thumb Code    62  lv_obj.o(.text)
    lv_obj_move_background                   0x0800ab97   Thumb Code    62  lv_obj.o(.text)
    lv_obj_set_x                             0x0800abd5   Thumb Code    26  lv_obj.o(.text)
    lv_obj_set_y                             0x0800abef   Thumb Code    26  lv_obj.o(.text)
    lv_obj_get_height                        0x0800ac09   Thumb Code    16  lv_obj.o(.text)
    lv_obj_get_width                         0x0800ac19   Thumb Code    16  lv_obj.o(.text)
    lv_obj_align                             0x0800ac29   Thumb Code   952  lv_obj.o(.text)
    lv_obj_align_origo                       0x0800afe1   Thumb Code   760  lv_obj.o(.text)
    lv_obj_realign                           0x0800b2d9   Thumb Code    62  lv_obj.o(.text)
    lv_obj_set_size                          0x0800b317   Thumb Code   158  lv_obj.o(.text)
    lv_obj_set_width                         0x0800b3b5   Thumb Code    26  lv_obj.o(.text)
    lv_obj_set_height                        0x0800b3cf   Thumb Code    26  lv_obj.o(.text)
    lv_obj_set_auto_realign                  0x0800b3e9   Thumb Code    14  lv_obj.o(.text)
    lv_obj_set_ext_click_area                0x0800b3f7   Thumb Code     6  lv_obj.o(.text)
    lv_obj_refresh_style                     0x0800b3fd   Thumb Code    28  lv_obj.o(.text)
    lv_obj_set_style                         0x0800b45b   Thumb Code    22  lv_obj.o(.text)
    lv_obj_report_style_mod                  0x0800b4ad   Thumb Code    80  lv_obj.o(.text)
    lv_obj_set_hidden                        0x0800b4fd   Thumb Code    68  lv_obj.o(.text)
    lv_obj_set_click                         0x0800b541   Thumb Code    18  lv_obj.o(.text)
    lv_obj_set_top                           0x0800b553   Thumb Code    18  lv_obj.o(.text)
    lv_obj_set_drag                          0x0800b565   Thumb Code    34  lv_obj.o(.text)
    lv_obj_set_drag_dir                      0x0800b587   Thumb Code    36  lv_obj.o(.text)
    lv_obj_set_drag_throw                    0x0800b5ab   Thumb Code    18  lv_obj.o(.text)
    lv_obj_set_drag_parent                   0x0800b5bd   Thumb Code    18  lv_obj.o(.text)
    lv_obj_set_parent_event                  0x0800b5cf   Thumb Code    18  lv_obj.o(.text)
    lv_obj_set_opa_scale_enable              0x0800b5e1   Thumb Code    14  lv_obj.o(.text)
    lv_obj_set_opa_scale                     0x0800b5ef   Thumb Code    18  lv_obj.o(.text)
    lv_obj_set_protect                       0x0800b601   Thumb Code    12  lv_obj.o(.text)
    lv_obj_clear_protect                     0x0800b60d   Thumb Code    16  lv_obj.o(.text)
    lv_obj_set_event_cb                      0x0800b61d   Thumb Code     4  lv_obj.o(.text)
    lv_event_get_data                        0x0800b621   Thumb Code     6  lv_obj.o(.text)
    lv_signal_send                           0x0800b627   Thumb Code    24  lv_obj.o(.text)
    lv_obj_allocate_ext_attr                 0x0800b63f   Thumb Code    20  lv_obj.o(.text)
    lv_obj_get_child_back                    0x0800b653   Thumb Code    34  lv_obj.o(.text)
    lv_obj_count_children                    0x0800b675   Thumb Code    38  lv_obj.o(.text)
    lv_obj_count_children_recursive          0x0800b69b   Thumb Code    48  lv_obj.o(.text)
    lv_obj_get_inner_coords                  0x0800b6cb   Thumb Code    88  lv_obj.o(.text)
    lv_obj_get_width_fit                     0x0800b723   Thumb Code    32  lv_obj.o(.text)
    lv_obj_get_height_fit                    0x0800b743   Thumb Code    30  lv_obj.o(.text)
    lv_obj_get_auto_realign                  0x0800b761   Thumb Code    12  lv_obj.o(.text)
    lv_obj_get_ext_click_pad_left            0x0800b76d   Thumb Code     6  lv_obj.o(.text)
    lv_obj_get_ext_click_pad_right           0x0800b773   Thumb Code     6  lv_obj.o(.text)
    lv_obj_get_ext_click_pad_top             0x0800b779   Thumb Code     6  lv_obj.o(.text)
    lv_obj_get_ext_click_pad_bottom          0x0800b77f   Thumb Code     6  lv_obj.o(.text)
    lv_obj_get_ext_draw_pad                  0x0800b785   Thumb Code     8  lv_obj.o(.text)
    lv_obj_get_click                         0x0800b78d   Thumb Code    12  lv_obj.o(.text)
    lv_obj_get_top                           0x0800b799   Thumb Code    12  lv_obj.o(.text)
    lv_obj_get_drag                          0x0800b7a5   Thumb Code    12  lv_obj.o(.text)
    lv_obj_get_drag_dir                      0x0800b7b1   Thumb Code    12  lv_obj.o(.text)
    lv_obj_get_drag_throw                    0x0800b7bd   Thumb Code    12  lv_obj.o(.text)
    lv_obj_get_drag_parent                   0x0800b7c9   Thumb Code    12  lv_obj.o(.text)
    lv_obj_get_parent_event                  0x0800b7d5   Thumb Code    10  lv_obj.o(.text)
    lv_obj_get_opa_scale_enable              0x0800b7df   Thumb Code    12  lv_obj.o(.text)
    lv_obj_get_protect                       0x0800b7eb   Thumb Code     8  lv_obj.o(.text)
    lv_obj_get_signal_cb                     0x0800b7f3   Thumb Code     6  lv_obj.o(.text)
    lv_obj_get_design_cb                     0x0800b7f9   Thumb Code     6  lv_obj.o(.text)
    lv_obj_get_event_cb                      0x0800b7ff   Thumb Code     6  lv_obj.o(.text)
    lv_obj_get_ext_attr                      0x0800b805   Thumb Code     6  lv_obj.o(.text)
    lv_obj_get_type                          0x0800b80b   Thumb Code    88  lv_obj.o(.text)
    lv_obj_is_focused                        0x0800b863   Thumb Code    26  lv_obj.o(.text)
    lv_refr_init                             0x0800b88d   Thumb Code     2  lv_refr.o(.text)
    lv_refr_get_disp_refreshing              0x0800b88f   Thumb Code     6  lv_refr.o(.text)
    lv_disp_refr_task                        0x0800bde5   Thumb Code   344  lv_refr.o(.text)
    lv_refr_now                              0x0800bf3d   Thumb Code    46  lv_refr.o(.text)
    lv_inv_area                              0x0800bf6b   Thumb Code   222  lv_refr.o(.text)
    lv_refr_set_disp_refreshing              0x0800c049   Thumb Code     6  lv_refr.o(.text)
    lv_style_copy                            0x0800c129   Thumb Code    18  lv_style.o(.text)
    lv_style_init                            0x0800c13b   Thumb Code  1352  lv_style.o(.text)
    lv_style_mix                             0x0800c683   Thumb Code   954  lv_style.o(.text)
    lv_style_anim_init                       0x0800ca7d   Thumb Code    80  lv_style.o(.text)
    lv_style_anim_set_styles                 0x0800cacd   Thumb Code    52  lv_style.o(.text)
    lv_draw_get_buf                          0x0800cb11   Thumb Code    84  lv_draw.o(.text)
    lv_draw_free_buf                         0x0800cb65   Thumb Code    28  lv_draw.o(.text)
    lv_draw_aa_get_opa                       0x0800cb81   Thumb Code    48  lv_draw.o(.text)
    lv_draw_aa_ver_seg                       0x0800cbb1   Thumb Code    92  lv_draw.o(.text)
    lv_draw_aa_hor_seg                       0x0800cc0d   Thumb Code    92  lv_draw.o(.text)
    lv_draw_px                               0x0800ccf1   Thumb Code   214  lv_draw_basic.o(.text)
    lv_draw_fill                             0x0800cf0f   Thumb Code   158  lv_draw_basic.o(.text)
    lv_draw_letter                           0x0800cfad   Thumb Code   848  lv_draw_basic.o(.text)
    lv_draw_map                              0x0800d34d   Thumb Code   798  lv_draw_basic.o(.text)
    lv_img_color_format_has_alpha            0x0800d679   Thumb Code    56  lv_draw_img.o(.text)
    lv_img_color_format_is_chroma_keyed      0x0800d6b1   Thumb Code    44  lv_draw_img.o(.text)
    lv_draw_img                              0x0800d85d   Thumb Code   140  lv_draw_img.o(.text)
    lv_img_color_format_get_px_size          0x0800d8e9   Thumb Code    76  lv_draw_img.o(.text)
    lv_img_buf_get_px_color                  0x0800d935   Thumb Code   426  lv_draw_img.o(.text)
    lv_img_buf_get_px_alpha                  0x0800dadf   Thumb Code   362  lv_draw_img.o(.text)
    lv_img_buf_set_px_color                  0x0800dc49   Thumb Code   378  lv_draw_img.o(.text)
    lv_img_buf_set_px_alpha                  0x0800ddc3   Thumb Code   320  lv_draw_img.o(.text)
    lv_img_buf_set_palette                   0x0800df03   Thumb Code   146  lv_draw_img.o(.text)
    lv_img_src_get_type                      0x0800df95   Thumb Code    42  lv_draw_img.o(.text)
    lv_draw_label                            0x0800e01d   Thumb Code  1238  lv_draw_label.o(.text)
    lv_draw_rect                             0x08011185   Thumb Code   144  lv_draw_rect.o(.text)
    lv_img_cache_open                        0x0801123d   Thumb Code   290  lv_img_cache.o(.text)
    lv_img_cache_invalidate_src              0x0801135f   Thumb Code    94  lv_img_cache.o(.text)
    lv_img_cache_set_size                    0x080113bd   Thumb Code   122  lv_img_cache.o(.text)
    lv_img_decoder_built_in_close            0x08011445   Thumb Code    32  lv_img_decoder.o(.text)
    lv_img_decoder_set_close_cb              0x08011465   Thumb Code     4  lv_img_decoder.o(.text)
    lv_img_decoder_built_in_read_line        0x0801177f   Thumb Code   200  lv_img_decoder.o(.text)
    lv_img_decoder_set_read_line_cb          0x08011847   Thumb Code     4  lv_img_decoder.o(.text)
    lv_img_decoder_built_in_open             0x0801184b   Thumb Code   294  lv_img_decoder.o(.text)
    lv_img_decoder_set_open_cb               0x08011971   Thumb Code     4  lv_img_decoder.o(.text)
    lv_img_decoder_built_in_info             0x08011975   Thumb Code   148  lv_img_decoder.o(.text)
    lv_img_decoder_set_info_cb               0x08011a09   Thumb Code     4  lv_img_decoder.o(.text)
    lv_img_decoder_create                    0x08011a0d   Thumb Code    36  lv_img_decoder.o(.text)
    lv_img_decoder_init                      0x08011a31   Thumb Code    70  lv_img_decoder.o(.text)
    lv_img_decoder_get_info                  0x08011a77   Thumb Code    74  lv_img_decoder.o(.text)
    lv_img_decoder_open                      0x08011ac1   Thumb Code   128  lv_img_decoder.o(.text)
    lv_img_decoder_read_line                 0x08011b41   Thumb Code    52  lv_img_decoder.o(.text)
    lv_img_decoder_close                     0x08011b75   Thumb Code    24  lv_img_decoder.o(.text)
    lv_img_decoder_delete                    0x08011b8d   Thumb Code    20  lv_img_decoder.o(.text)
    lv_font_get_glyph_bitmap                 0x08011ba5   Thumb Code    16  lv_font.o(.text)
    lv_font_get_glyph_dsc                    0x08011bb5   Thumb Code    30  lv_font.o(.text)
    lv_font_get_glyph_width                  0x08011bd3   Thumb Code    38  lv_font.o(.text)
    lv_font_get_bitmap_fmt_txt               0x08011d99   Thumb Code    52  lv_font_fmt_txt.o(.text)
    lv_font_get_glyph_dsc_fmt_txt            0x08011edb   Thumb Code   132  lv_font_fmt_txt.o(.text)
    lv_disp_drv_init                         0x08011f6d   Thumb Code    68  lv_hal_disp.o(.text)
    lv_disp_buf_init                         0x08011fb1   Thumb Code    34  lv_hal_disp.o(.text)
    lv_disp_drv_register                     0x08011fd3   Thumb Code   184  lv_hal_disp.o(.text)
    lv_disp_get_default                      0x0801208b   Thumb Code     6  lv_hal_disp.o(.text)
    lv_disp_get_ver_res                      0x08012091   Thumb Code    40  lv_hal_disp.o(.text)
    lv_disp_get_hor_res                      0x080120b9   Thumb Code    40  lv_hal_disp.o(.text)
    lv_disp_drv_update                       0x080120e1   Thumb Code    76  lv_hal_disp.o(.text)
    lv_disp_set_default                      0x0801212d   Thumb Code     6  lv_hal_disp.o(.text)
    lv_disp_remove                           0x08012133   Thumb Code    82  lv_hal_disp.o(.text)
    lv_disp_get_antialiasing                 0x08012185   Thumb Code    26  lv_hal_disp.o(.text)
    lv_disp_flush_ready                      0x0801219f   Thumb Code    14  lv_hal_disp.o(.text)
    lv_disp_get_next                         0x080121ad   Thumb Code    24  lv_hal_disp.o(.text)
    lv_disp_get_buf                          0x080121c5   Thumb Code     6  lv_hal_disp.o(.text)
    lv_disp_get_inv_buf_size                 0x080121cb   Thumb Code    12  lv_hal_disp.o(.text)
    lv_disp_pop_from_inv_buf                 0x080121d7   Thumb Code    36  lv_hal_disp.o(.text)
    lv_disp_is_double_buf                    0x080121fb   Thumb Code    22  lv_hal_disp.o(.text)
    lv_disp_is_true_double_buf               0x08012211   Thumb Code    36  lv_hal_disp.o(.text)
    lv_indev_drv_init                        0x08012249   Thumb Code    36  lv_hal_indev.o(.text)
    lv_indev_drv_register                    0x0801226d   Thumb Code   100  lv_hal_indev.o(.text)
    lv_indev_drv_update                      0x080122d1   Thumb Code    18  lv_hal_indev.o(.text)
    lv_indev_get_next                        0x080122e3   Thumb Code    24  lv_hal_indev.o(.text)
    lv_indev_read                            0x080122fb   Thumb Code    62  lv_hal_indev.o(.text)
    lv_tick_inc                              0x08012341   Thumb Code    18  lv_hal_tick.o(.text)
    lv_tick_get                              0x08012353   Thumb Code    22  lv_hal_tick.o(.text)
    lv_tick_elaps                            0x08012369   Thumb Code    26  lv_hal_tick.o(.text)
    lv_anim_core_init                        0x080124fb   Thumb Code    32  lv_anim.o(.text)
    lv_anim_path_linear                      0x0801251b   Thumb Code    52  lv_anim.o(.text)
    lv_anim_init                             0x0801254f   Thumb Code    34  lv_anim.o(.text)
    lv_anim_del                              0x08012571   Thumb Code    80  lv_anim.o(.text)
    lv_anim_create                           0x080125c1   Thumb Code    80  lv_anim.o(.text)
    lv_anim_count_running                    0x08012611   Thumb Code    40  lv_anim.o(.text)
    lv_anim_speed_to_time                    0x08012639   Thumb Code    48  lv_anim.o(.text)
    lv_anim_path_ease_in                     0x08012669   Thumb Code    72  lv_anim.o(.text)
    lv_anim_path_ease_out                    0x080126b1   Thumb Code    72  lv_anim.o(.text)
    lv_anim_path_ease_in_out                 0x080126f9   Thumb Code    74  lv_anim.o(.text)
    lv_anim_path_overshoot                   0x08012743   Thumb Code    76  lv_anim.o(.text)
    lv_anim_path_bounce                      0x0801278f   Thumb Code   256  lv_anim.o(.text)
    lv_anim_path_step                        0x0801288f   Thumb Code    24  lv_anim.o(.text)
    lv_area_set                              0x080128a7   Thumb Code    14  lv_area.o(.text)
    lv_area_set_width                        0x080128b5   Thumb Code    12  lv_area.o(.text)
    lv_area_set_height                       0x080128c1   Thumb Code    12  lv_area.o(.text)
    lv_area_set_pos                          0x080128cd   Thumb Code    58  lv_area.o(.text)
    lv_area_get_size                         0x08012907   Thumb Code    34  lv_area.o(.text)
    lv_area_intersect                        0x08012929   Thumb Code   130  lv_area.o(.text)
    lv_area_join                             0x080129ab   Thumb Code   100  lv_area.o(.text)
    lv_area_is_point_on                      0x08012a0f   Thumb Code    58  lv_area.o(.text)
    lv_area_is_on                            0x08012a49   Thumb Code    58  lv_area.o(.text)
    lv_area_is_in                            0x08012a83   Thumb Code    58  lv_area.o(.text)
    lv_async_call                            0x08012ad1   Thumb Code    66  lv_async.o(.text)
    lv_circ_init                             0x08012b19   Thumb Code    16  lv_circ.o(.text)
    lv_circ_cont                             0x08012b29   Thumb Code    22  lv_circ.o(.text)
    lv_circ_next                             0x08012b3f   Thumb Code    60  lv_circ.o(.text)
    lv_ll_init                               0x08012b7b   Thumb Code    22  lv_ll.o(.text)
    lv_ll_ins_head                           0x08012bed   Thumb Code    64  lv_ll.o(.text)
    lv_ll_get_prev                           0x08012c2d   Thumb Code    20  lv_ll.o(.text)
    lv_ll_get_head                           0x08012c41   Thumb Code    10  lv_ll.o(.text)
    lv_ll_ins_prev                           0x08012c4b   Thumb Code   114  lv_ll.o(.text)
    lv_ll_ins_tail                           0x08012cbd   Thumb Code    70  lv_ll.o(.text)
    lv_ll_get_next                           0x08012d03   Thumb Code    22  lv_ll.o(.text)
    lv_ll_get_tail                           0x08012d19   Thumb Code    10  lv_ll.o(.text)
    lv_ll_rem                                0x08012d23   Thumb Code   138  lv_ll.o(.text)
    lv_ll_clear                              0x08012dad   Thumb Code    48  lv_ll.o(.text)
    lv_ll_chg_list                           0x08012ddd   Thumb Code   112  lv_ll.o(.text)
    lv_ll_get_len                            0x08012e4d   Thumb Code    36  lv_ll.o(.text)
    lv_ll_swap                               0x08012e71   Thumb Code     2  lv_ll.o(.text)
    lv_ll_move_before                        0x08012e73   Thumb Code   106  lv_ll.o(.text)
    lv_ll_is_empty                           0x08012edd   Thumb Code    24  lv_ll.o(.text)
    lv_trigo_sin                             0x08012ef5   Thumb Code   106  lv_math.o(.text)
    lv_bezier3                               0x08012f5f   Thumb Code    94  lv_math.o(.text)
    lv_mem_init                              0x08012fc1   Thumb Code    32  lv_mem.o(.text)
    lv_mem_alloc                             0x08013087   Thumb Code    70  lv_mem.o(.text)
    lv_mem_get_size                          0x080130cd   Thumb Code    26  lv_mem.o(.text)
    lv_mem_free                              0x080130e7   Thumb Code   110  lv_mem.o(.text)
    lv_mem_realloc                           0x08013155   Thumb Code   108  lv_mem.o(.text)
    lv_mem_defrag                            0x080131c1   Thumb Code   110  lv_mem.o(.text)
    lv_mem_monitor                           0x0801322f   Thumb Code   132  lv_mem.o(.text)
    lv_task_enable                           0x080132c1   Thumb Code     6  lv_task.o(.text)
    lv_task_core_init                        0x080132c7   Thumb Code    18  lv_task.o(.text)
    lv_task_del                              0x080132d9   Thumb Code    34  lv_task.o(.text)
    lv_task_handler                          0x08013343   Thumb Code   330  lv_task.o(.text)
    lv_task_create_basic                     0x0801348d   Thumb Code   156  lv_task.o(.text)
    lv_task_set_prio                         0x08013529   Thumb Code    94  lv_task.o(.text)
    lv_task_set_period                       0x08013587   Thumb Code     4  lv_task.o(.text)
    lv_task_set_cb                           0x0801358b   Thumb Code     4  lv_task.o(.text)
    lv_task_create                           0x0801358f   Thumb Code    62  lv_task.o(.text)
    lv_task_ready                            0x080135cd   Thumb Code    18  lv_task.o(.text)
    lv_task_once                             0x080135df   Thumb Code    12  lv_task.o(.text)
    lv_task_reset                            0x080135eb   Thumb Code    12  lv_task.o(.text)
    lv_task_get_idle                         0x080135f7   Thumb Code     6  lv_task.o(.text)
    lv_txt_is_cmd                            0x08013625   Thumb Code    66  lv_txt.o(.text)
    lv_txt_get_width                         0x08013667   Thumb Code   140  lv_txt.o(.text)
    lv_txt_get_next_line                     0x080136f3   Thumb Code   272  lv_txt.o(.text)
    lv_txt_get_size                          0x08013803   Thumb Code   204  lv_txt.o(.text)
    lv_txt_ins                               0x080138cf   Thumb Code    74  lv_txt.o(.text)
    lv_txt_cut                               0x08013919   Thumb Code    66  lv_txt.o(.text)
    lv_utils_num_to_str                      0x08013ca9   Thumb Code   128  lv_utils.o(.text)
    lv_utils_bsearch                         0x08013d29   Thumb Code    84  lv_utils.o(.text)
    lv_cont_get_layout                       0x08014449   Thumb Code    20  lv_cont.o(.text)
    lv_cont_create                           0x080147d1   Thumb Code   240  lv_cont.o(.text)
    lv_cont_set_layout                       0x080148c1   Thumb Code    48  lv_cont.o(.text)
    lv_cont_set_fit4                         0x080148f1   Thumb Code   120  lv_cont.o(.text)
    lv_cont_get_fit_left                     0x08014969   Thumb Code    20  lv_cont.o(.text)
    lv_cont_get_fit_right                    0x0801497d   Thumb Code    18  lv_cont.o(.text)
    lv_cont_get_fit_top                      0x0801498f   Thumb Code    20  lv_cont.o(.text)
    lv_cont_get_fit_bottom                   0x080149a3   Thumb Code    20  lv_cont.o(.text)
    lv_label_get_text                        0x08014a75   Thumb Code    16  lv_label.o(.text)
    lv_label_get_letter_on                   0x08014a85   Thumb Code   394  lv_label.o(.text)
    lv_label_set_static_text                 0x08015031   Thumb Code    58  lv_label.o(.text)
    lv_label_set_text                        0x0801506b   Thumb Code   152  lv_label.o(.text)
    lv_label_get_align                       0x08015103   Thumb Code    20  lv_label.o(.text)
    lv_label_set_align                       0x08015117   Thumb Code    44  lv_label.o(.text)
    lv_label_get_body_draw                   0x08015143   Thumb Code    20  lv_label.o(.text)
    lv_label_set_body_draw                   0x08015157   Thumb Code    50  lv_label.o(.text)
    lv_label_get_recolor                     0x08015189   Thumb Code    20  lv_label.o(.text)
    lv_label_set_recolor                     0x0801519d   Thumb Code    44  lv_label.o(.text)
    lv_label_get_long_mode                   0x080151c9   Thumb Code    20  lv_label.o(.text)
    lv_label_set_long_mode                   0x0801526d   Thumb Code   128  lv_label.o(.text)
    lv_label_get_text_sel_end                0x08015445   Thumb Code     8  lv_label.o(.text)
    lv_label_get_text_sel_start              0x0801544d   Thumb Code     8  lv_label.o(.text)
    lv_label_create                          0x080156b5   Thumb Code   480  lv_label.o(.text)
    lv_label_set_array_text                  0x08015895   Thumb Code   120  lv_label.o(.text)
    lv_label_set_anim_speed                  0x0801590d   Thumb Code    54  lv_label.o(.text)
    lv_label_set_text_sel_start              0x08015943   Thumb Code     2  lv_label.o(.text)
    lv_label_set_text_sel_end                0x08015945   Thumb Code     2  lv_label.o(.text)
    lv_label_get_anim_speed                  0x08015947   Thumb Code    16  lv_label.o(.text)
    lv_label_get_letter_pos                  0x08015957   Thumb Code   408  lv_label.o(.text)
    lv_label_is_char_under_pos               0x08015aef   Thumb Code   448  lv_label.o(.text)
    lv_label_ins_text                        0x08015caf   Thumb Code   120  lv_label.o(.text)
    lv_label_cut_text                        0x08015d27   Thumb Code    64  lv_label.o(.text)
    lv_theme_set_current                     0x08015d95   Thumb Code   124  lv_theme.o(.text)
    lv_theme_get_current                     0x08015e11   Thumb Code    14  lv_theme.o(.text)
    lv_port_disp_init                        0x08015e59   Thumb Code    66  lv_port_disp.o(.text)
    lv_port_indev_init                       0x08015ef9   Thumb Code    30  lv_port_indev.o(.text)
    info_tip                                 0x08015f29   Thumb Code    66  lv_cont_test.o(.text)
    lv_cont_test_start                       0x08015f6b   Thumb Code   168  lv_cont_test.o(.text)
    cont_add_child                           0x08016013   Thumb Code    92  lv_cont_test.o(.text)
    cont_del_child                           0x0801606f   Thumb Code    34  lv_cont_test.o(.text)
    key_handler                              0x08016091   Thumb Code   122  lv_cont_test.o(.text)
    __use_no_semihosting                     0x0801615d   Thumb Code     2  use_no_semi_2.o(.text)
    __2printf                                0x08016161   Thumb Code    20  noretval__2printf.o(.text)
    __2sprintf                               0x08016179   Thumb Code    34  noretval__2sprintf.o(.text)
    __printf                                 0x080161a1   Thumb Code   104  __printf.o(.text)
    _printf_str                              0x08016209   Thumb Code    82  _printf_str.o(.text)
    _printf_int_dec                          0x0801625d   Thumb Code   104  _printf_dec.o(.text)
    _printf_int_hex                          0x080162d5   Thumb Code    84  _printf_hex_int.o(.text)
    _printf_longlong_hex                     0x080162d5   Thumb Code     0  _printf_hex_int.o(.text)
    strcpy                                   0x0801632d   Thumb Code    72  strcpy.o(.text)
    strlen                                   0x08016375   Thumb Code    62  strlen.o(.text)
    __aeabi_memcpy                           0x080163b3   Thumb Code     0  rt_memcpy_v6.o(.text)
    __rt_memcpy                              0x080163b3   Thumb Code   138  rt_memcpy_v6.o(.text)
    _memcpy_lastbytes                        0x08016419   Thumb Code     0  rt_memcpy_v6.o(.text)
    __aeabi_memcpy4                          0x0801643d   Thumb Code     0  rt_memcpy_w.o(.text)
    __aeabi_memcpy8                          0x0801643d   Thumb Code     0  rt_memcpy_w.o(.text)
    __rt_memcpy_w                            0x0801643d   Thumb Code   100  rt_memcpy_w.o(.text)
    _memcpy_lastbytes_aligned                0x08016485   Thumb Code     0  rt_memcpy_w.o(.text)
    __aeabi_memset                           0x080164a1   Thumb Code    16  aeabi_memset.o(.text)
    __aeabi_memclr                           0x080164b1   Thumb Code     0  rt_memclr.o(.text)
    __rt_memclr                              0x080164b1   Thumb Code    68  rt_memclr.o(.text)
    _memset                                  0x080164b5   Thumb Code     0  rt_memclr.o(.text)
    __aeabi_memclr4                          0x080164f5   Thumb Code     0  rt_memclr_w.o(.text)
    __aeabi_memclr8                          0x080164f5   Thumb Code     0  rt_memclr_w.o(.text)
    __rt_memclr_w                            0x080164f5   Thumb Code    78  rt_memclr_w.o(.text)
    _memset_w                                0x080164f9   Thumb Code     0  rt_memclr_w.o(.text)
    strcmp                                   0x08016545   Thumb Code   128  strcmpv7m.o(.text)
    __use_two_region_memory                  0x080165c5   Thumb Code     2  heapauxi.o(.text)
    __rt_heap_escrow$2region                 0x080165c7   Thumb Code     2  heapauxi.o(.text)
    __rt_heap_expand$2region                 0x080165c9   Thumb Code     2  heapauxi.o(.text)
    __I$use$semihosting                      0x080165cb   Thumb Code     0  use_no_semi.o(.text)
    __use_no_semihosting_swi                 0x080165cb   Thumb Code     2  use_no_semi.o(.text)
    __read_errno                             0x080165cd   Thumb Code    10  _rserrno.o(.text)
    __set_errno                              0x080165d7   Thumb Code    12  _rserrno.o(.text)
    _printf_int_common                       0x080165e3   Thumb Code   178  _printf_intcommon.o(.text)
    _printf_char_common                      0x0801669f   Thumb Code    32  _printf_char_common.o(.text)
    _sputc                                   0x080166c5   Thumb Code    10  _sputc.o(.text)
    _printf_cs_common                        0x080166cf   Thumb Code    20  _printf_char.o(.text)
    _printf_char                             0x080166e3   Thumb Code    16  _printf_char.o(.text)
    _printf_string                           0x080166f3   Thumb Code     8  _printf_char.o(.text)
    _printf_char_file                        0x080166fd   Thumb Code    32  _printf_char_file.o(.text)
    __aeabi_errno_addr                       0x08016721   Thumb Code     8  rt_errno_addr_intlibspace.o(.text)
    __errno$intlibspace                      0x08016721   Thumb Code     0  rt_errno_addr_intlibspace.o(.text)
    __rt_errno_addr$intlibspace              0x08016721   Thumb Code     0  rt_errno_addr_intlibspace.o(.text)
    ferror                                   0x08016729   Thumb Code     8  ferror.o(.text)
    __user_libspace                          0x08016731   Thumb Code     8  libspace.o(.text)
    __user_perproc_libspace                  0x08016731   Thumb Code     0  libspace.o(.text)
    __user_perthread_libspace                0x08016731   Thumb Code     0  libspace.o(.text)
    __user_setup_stackheap                   0x08016739   Thumb Code    74  sys_stackheap_outer.o(.text)
    exit                                     0x08016783   Thumb Code    18  exit.o(.text)
    __hardfp_sqrt                            0x08016795   Thumb Code   122  sqrt.o(i.__hardfp_sqrt)
    __aeabi_dadd                             0x08016811   Thumb Code     0  daddsub_clz.o(x$fpl$dadd)
    _dadd                                    0x08016811   Thumb Code   332  daddsub_clz.o(x$fpl$dadd)
    __fpl_dcmp_Inf                           0x08016961   Thumb Code    24  dcmpi.o(x$fpl$dcmpinf)
    __aeabi_d2uiz                            0x08016979   Thumb Code     0  dfixu.o(x$fpl$dfixu)
    _dfixu                                   0x08016979   Thumb Code    90  dfixu.o(x$fpl$dfixu)
    __aeabi_i2d                              0x080169d3   Thumb Code     0  dflt_clz.o(x$fpl$dflt)
    _dflt                                    0x080169d3   Thumb Code    46  dflt_clz.o(x$fpl$dflt)
    __aeabi_ui2d                             0x08016a01   Thumb Code     0  dflt_clz.o(x$fpl$dfltu)
    _dfltu                                   0x08016a01   Thumb Code    38  dflt_clz.o(x$fpl$dfltu)
    __aeabi_cdcmple                          0x08016a29   Thumb Code     0  dleqf.o(x$fpl$dleqf)
    _dcmple                                  0x08016a29   Thumb Code   120  dleqf.o(x$fpl$dleqf)
    __fpl_dcmple_InfNaN                      0x08016a8b   Thumb Code     0  dleqf.o(x$fpl$dleqf)
    __aeabi_dmul                             0x08016aa1   Thumb Code     0  dmul.o(x$fpl$dmul)
    _dmul                                    0x08016aa1   Thumb Code   332  dmul.o(x$fpl$dmul)
    __fpl_dnaninf                            0x08016bf5   Thumb Code   156  dnaninf.o(x$fpl$dnaninf)
    __fpl_dretinf                            0x08016c91   Thumb Code    12  dretinf.o(x$fpl$dretinf)
    __aeabi_cdrcmple                         0x08016c9d   Thumb Code     0  drleqf.o(x$fpl$drleqf)
    _drcmple                                 0x08016c9d   Thumb Code   108  drleqf.o(x$fpl$drleqf)
    __aeabi_drsub                            0x08016d09   Thumb Code     0  daddsub_clz.o(x$fpl$drsb)
    _drsb                                    0x08016d09   Thumb Code    22  daddsub_clz.o(x$fpl$drsb)
    _dsqrt                                   0x08016d21   Thumb Code   404  dsqrt_umaal.o(x$fpl$dsqrt)
    __aeabi_dsub                             0x08016eb9   Thumb Code     0  daddsub_clz.o(x$fpl$dsub)
    _dsub                                    0x08016eb9   Thumb Code   464  daddsub_clz.o(x$fpl$dsub)
    __aeabi_f2d                              0x0801708d   Thumb Code     0  f2d.o(x$fpl$f2d)
    _f2d                                     0x0801708d   Thumb Code    86  f2d.o(x$fpl$f2d)
    __fpl_fnaninf                            0x080170e3   Thumb Code   140  fnaninf.o(x$fpl$fnaninf)
    _fp_init                                 0x0801716f   Thumb Code    10  fpinit.o(x$fpl$fpinit)
    __fplib_config_fpu_vfp                   0x08017177   Thumb Code     0  fpinit.o(x$fpl$fpinit)
    __fplib_config_pureend_doubles           0x08017177   Thumb Code     0  fpinit.o(x$fpl$fpinit)
    __I$use$fp                               0x08017178   Number         0  usenofp.o(x$fpl$usenofp)
    asc2_1206                                0x08017178   Data        1140  lcd.o(.constdata)
    asc2_1608                                0x080175ec   Data        1520  lcd.o(.constdata)
    asc2_2412                                0x08017bdc   Data        3420  lcd.o(.constdata)
    GT9147_CFG_TBL                           0x08018938   Data         184  gt9147.o(.constdata)
    GT9147_TPX_TBL                           0x080189f0   Data          10  gt9147.o(.constdata)
    OTT_TPX_TBL                              0x080189fa   Data          10  ott2001a.o(.constdata)
    FT5206_TPX_TBL                           0x08018a04   Data          10  ft5206.o(.constdata)
    TP_REMIND_MSG_TBL                        0x08018a10   Data           4  touch.o(.constdata)
    FSMC_DefaultTimingStruct                 0x08018a14   Data          28  stm32f4xx_fsmc.o(.constdata)
    LAYOUT_STR                               0x0801b91c   Data          40  lv_cont_test.o(.constdata)
    FIT_STR                                  0x0801b944   Data          16  lv_cont_test.o(.constdata)
    Region$$Table$$Base                      0x0801bae0   Number         0  anon$$obj.o(Region$$Table)
    Region$$Table$$Limit                     0x0801bb00   Number         0  anon$$obj.o(Region$$Table)
    SystemCoreClock                          0x20000000   Data           4  system_stm32f4xx.o(.data)
    AHBPrescTable                            0x20000004   Data          16  system_stm32f4xx.o(.data)
    POINT_COLOR                              0x20000014   Data           2  lcd.o(.data)
    BACK_COLOR                               0x20000016   Data           2  lcd.o(.data)
    tp_dev                                   0x2000001c   Data          52  touch.o(.data)
    CMD_RDX                                  0x20000050   Data           1  touch.o(.data)
    CMD_RDY                                  0x20000051   Data           1  touch.o(.data)
    __stdout                                 0x20000058   Data           4  usart.o(.data)
    USART_RX_STA                             0x2000005c   Data           2  usart.o(.data)
    lv_font_roboto_16                        0x200000d0   Data          16  lv_font_roboto_16.o(.data)
    _lv_img_cache_array                      0x200000f4   Data           4  lv_gc.o(.data)
    _lv_task_act                             0x200000f8   Data           4  lv_gc.o(.data)
    _lv_draw_buf                             0x200000fc   Data           4  lv_gc.o(.data)
    lv_txt_encoded_size                      0x2000011c   Data           4  lv_txt.o(.data)
    lv_txt_unicode_to_encoded                0x20000120   Data           4  lv_txt.o(.data)
    lv_txt_encoded_conv_wc                   0x20000124   Data           4  lv_txt.o(.data)
    lv_txt_encoded_next                      0x20000128   Data           4  lv_txt.o(.data)
    lv_txt_encoded_prev                      0x2000012c   Data           4  lv_txt.o(.data)
    lv_txt_encoded_get_byte_id               0x20000130   Data           4  lv_txt.o(.data)
    lv_encoded_get_char_id                   0x20000134   Data           4  lv_txt.o(.data)
    lv_txt_get_encoded_length                0x20000138   Data           4  lv_txt.o(.data)
    cont                                     0x2000014c   Data           4  lv_cont_test.o(.data)
    tip                                      0x20000150   Data           4  lv_cont_test.o(.data)
    layout                                   0x20000154   Data           1  lv_cont_test.o(.data)
    fit                                      0x20000155   Data           1  lv_cont_test.o(.data)
    child_no                                 0x20000156   Data           1  lv_cont_test.o(.data)
    lcddev                                   0x20000158   Data          14  lcd.o(.bss)
    USART_RX_BUF                             0x20000166   Data         200  usart.o(.bss)
    lv_style_scr                             0x20000230   Data          60  lv_style.o(.bss)
    lv_style_transp                          0x2000026c   Data          60  lv_style.o(.bss)
    lv_style_transp_fit                      0x200002a8   Data          60  lv_style.o(.bss)
    lv_style_transp_tight                    0x200002e4   Data          60  lv_style.o(.bss)
    lv_style_plain                           0x20000320   Data          60  lv_style.o(.bss)
    lv_style_plain_color                     0x2000035c   Data          60  lv_style.o(.bss)
    lv_style_pretty                          0x20000398   Data          60  lv_style.o(.bss)
    lv_style_pretty_color                    0x200003d4   Data          60  lv_style.o(.bss)
    lv_style_btn_rel                         0x20000410   Data          60  lv_style.o(.bss)
    lv_style_btn_pr                          0x2000044c   Data          60  lv_style.o(.bss)
    lv_style_btn_tgl_rel                     0x20000488   Data          60  lv_style.o(.bss)
    lv_style_btn_tgl_pr                      0x200004c4   Data          60  lv_style.o(.bss)
    lv_style_btn_ina                         0x20000500   Data          60  lv_style.o(.bss)
    _lv_task_ll                              0x2000053c   Data          12  lv_gc.o(.bss)
    _lv_disp_ll                              0x20000548   Data          12  lv_gc.o(.bss)
    _lv_indev_ll                             0x20000554   Data          12  lv_gc.o(.bss)
    _lv_drv_ll                               0x20000560   Data          12  lv_gc.o(.bss)
    _lv_file_ll                              0x2000056c   Data          12  lv_gc.o(.bss)
    _lv_anim_ll                              0x20000578   Data          12  lv_gc.o(.bss)
    _lv_group_ll                             0x20000584   Data          12  lv_gc.o(.bss)
    _lv_img_defoder_ll                       0x20000590   Data          12  lv_gc.o(.bss)
    __libspace_start                         0x20009efc   Data          96  libspace.o(.bss)
    __temporary_stack_top$libspace           0x20009f5c   Data           0  libspace.o(.bss)



==============================================================================

Memory Map of the image

  Image Entry point : 0x08000189

  Load Region LR_IROM1 (Base: 0x08000000, Size: 0x0001bc58, Max: 0x00100000, ABSOLUTE, COMPRESSED[0x0001bb8c])

    Execution Region ER_IROM1 (Exec base: 0x08000000, Load base: 0x08000000, Size: 0x0001bb00, Max: 0x00100000, ABSOLUTE)

    Exec Addr    Load Addr    Size         Type   Attr      Idx    E Section Name        Object

    0x08000000   0x08000000   0x00000188   Data   RO         1232    RESET               startup_stm32f40_41xxx.o
    0x08000188   0x08000188   0x00000008   Code   RO         5340  * !!!main             c_w.l(__main.o)
    0x08000190   0x08000190   0x00000034   Code   RO         5570    !!!scatter          c_w.l(__scatter.o)
    0x080001c4   0x080001c4   0x0000005a   Code   RO         5568    !!dczerorl2         c_w.l(__dczerorl2.o)
    0x0800021e   0x0800021e   0x00000002   PAD
    0x08000220   0x08000220   0x0000001c   Code   RO         5572    !!handler_zi        c_w.l(__scatter_zi.o)
    0x0800023c   0x0800023c   0x00000000   Code   RO         5321    .ARM.Collect$$_printf_percent$$00000000  c_w.l(_printf_percent.o)
    0x0800023c   0x0800023c   0x00000006   Code   RO         5320    .ARM.Collect$$_printf_percent$$00000009  c_w.l(_printf_d.o)
    0x08000242   0x08000242   0x00000006   Code   RO         5319    .ARM.Collect$$_printf_percent$$0000000C  c_w.l(_printf_x.o)
    0x08000248   0x08000248   0x00000006   Code   RO         5318    .ARM.Collect$$_printf_percent$$00000014  c_w.l(_printf_s.o)
    0x0800024e   0x0800024e   0x00000004   Code   RO         5393    .ARM.Collect$$_printf_percent$$00000017  c_w.l(_printf_percent_end.o)
    0x08000252   0x08000252   0x00000002   Code   RO         5443    .ARM.Collect$$libinit$$00000000  c_w.l(libinit.o)
    0x08000254   0x08000254   0x00000004   Code   RO         5446    .ARM.Collect$$libinit$$00000001  c_w.l(libinit2.o)
    0x08000258   0x08000258   0x00000000   Code   RO         5449    .ARM.Collect$$libinit$$00000004  c_w.l(libinit2.o)
    0x08000258   0x08000258   0x00000000   Code   RO         5452    .ARM.Collect$$libinit$$0000000A  c_w.l(libinit2.o)
    0x08000258   0x08000258   0x00000000   Code   RO         5454    .ARM.Collect$$libinit$$0000000C  c_w.l(libinit2.o)
    0x08000258   0x08000258   0x00000000   Code   RO         5456    .ARM.Collect$$libinit$$0000000E  c_w.l(libinit2.o)
    0x08000258   0x08000258   0x00000000   Code   RO         5459    .ARM.Collect$$libinit$$00000011  c_w.l(libinit2.o)
    0x08000258   0x08000258   0x00000000   Code   RO         5461    .ARM.Collect$$libinit$$00000013  c_w.l(libinit2.o)
    0x08000258   0x08000258   0x00000000   Code   RO         5463    .ARM.Collect$$libinit$$00000015  c_w.l(libinit2.o)
    0x08000258   0x08000258   0x00000000   Code   RO         5465    .ARM.Collect$$libinit$$00000017  c_w.l(libinit2.o)
    0x08000258   0x08000258   0x00000000   Code   RO         5467    .ARM.Collect$$libinit$$00000019  c_w.l(libinit2.o)
    0x08000258   0x08000258   0x00000000   Code   RO         5469    .ARM.Collect$$libinit$$0000001B  c_w.l(libinit2.o)
    0x08000258   0x08000258   0x00000000   Code   RO         5471    .ARM.Collect$$libinit$$0000001D  c_w.l(libinit2.o)
    0x08000258   0x08000258   0x00000000   Code   RO         5473    .ARM.Collect$$libinit$$0000001F  c_w.l(libinit2.o)
    0x08000258   0x08000258   0x00000000   Code   RO         5475    .ARM.Collect$$libinit$$00000021  c_w.l(libinit2.o)
    0x08000258   0x08000258   0x00000000   Code   RO         5477    .ARM.Collect$$libinit$$00000023  c_w.l(libinit2.o)
    0x08000258   0x08000258   0x00000000   Code   RO         5479    .ARM.Collect$$libinit$$00000025  c_w.l(libinit2.o)
    0x08000258   0x08000258   0x00000000   Code   RO         5483    .ARM.Collect$$libinit$$0000002C  c_w.l(libinit2.o)
    0x08000258   0x08000258   0x00000000   Code   RO         5485    .ARM.Collect$$libinit$$0000002E  c_w.l(libinit2.o)
    0x08000258   0x08000258   0x00000000   Code   RO         5487    .ARM.Collect$$libinit$$00000030  c_w.l(libinit2.o)
    0x08000258   0x08000258   0x00000000   Code   RO         5489    .ARM.Collect$$libinit$$00000032  c_w.l(libinit2.o)
    0x08000258   0x08000258   0x00000002   Code   RO         5490    .ARM.Collect$$libinit$$00000033  c_w.l(libinit2.o)
    0x0800025a   0x0800025a   0x00000002   Code   RO         5508    .ARM.Collect$$libshutdown$$00000000  c_w.l(libshutdown.o)
    0x0800025c   0x0800025c   0x00000000   Code   RO         5518    .ARM.Collect$$libshutdown$$00000002  c_w.l(libshutdown2.o)
    0x0800025c   0x0800025c   0x00000000   Code   RO         5520    .ARM.Collect$$libshutdown$$00000004  c_w.l(libshutdown2.o)
    0x0800025c   0x0800025c   0x00000000   Code   RO         5522    .ARM.Collect$$libshutdown$$00000006  c_w.l(libshutdown2.o)
    0x0800025c   0x0800025c   0x00000000   Code   RO         5525    .ARM.Collect$$libshutdown$$00000009  c_w.l(libshutdown2.o)
    0x0800025c   0x0800025c   0x00000000   Code   RO         5528    .ARM.Collect$$libshutdown$$0000000C  c_w.l(libshutdown2.o)
    0x0800025c   0x0800025c   0x00000000   Code   RO         5530    .ARM.Collect$$libshutdown$$0000000E  c_w.l(libshutdown2.o)
    0x0800025c   0x0800025c   0x00000000   Code   RO         5533    .ARM.Collect$$libshutdown$$00000011  c_w.l(libshutdown2.o)
    0x0800025c   0x0800025c   0x00000002   Code   RO         5534    .ARM.Collect$$libshutdown$$00000012  c_w.l(libshutdown2.o)
    0x0800025e   0x0800025e   0x00000000   Code   RO         5380    .ARM.Collect$$rtentry$$00000000  c_w.l(__rtentry.o)
    0x0800025e   0x0800025e   0x00000000   Code   RO         5406    .ARM.Collect$$rtentry$$00000002  c_w.l(__rtentry2.o)
    0x0800025e   0x0800025e   0x00000006   Code   RO         5418    .ARM.Collect$$rtentry$$00000004  c_w.l(__rtentry4.o)
    0x08000264   0x08000264   0x00000000   Code   RO         5408    .ARM.Collect$$rtentry$$00000009  c_w.l(__rtentry2.o)
    0x08000264   0x08000264   0x00000004   Code   RO         5409    .ARM.Collect$$rtentry$$0000000A  c_w.l(__rtentry2.o)
    0x08000268   0x08000268   0x00000000   Code   RO         5411    .ARM.Collect$$rtentry$$0000000C  c_w.l(__rtentry2.o)
    0x08000268   0x08000268   0x00000008   Code   RO         5412    .ARM.Collect$$rtentry$$0000000D  c_w.l(__rtentry2.o)
    0x08000270   0x08000270   0x00000002   Code   RO         5444    .ARM.Collect$$rtexit$$00000000  c_w.l(rtexit.o)
    0x08000272   0x08000272   0x00000000   Code   RO         5492    .ARM.Collect$$rtexit$$00000002  c_w.l(rtexit2.o)
    0x08000272   0x08000272   0x00000004   Code   RO         5493    .ARM.Collect$$rtexit$$00000003  c_w.l(rtexit2.o)
    0x08000276   0x08000276   0x00000006   Code   RO         5494    .ARM.Collect$$rtexit$$00000004  c_w.l(rtexit2.o)
    0x0800027c   0x0800027c   0x00000058   Code   RO            3    .text               main.o
    0x080002d4   0x080002d4   0x0000001a   Code   RO          431    .text               stm32f4xx_it.o
    0x080002ee   0x080002ee   0x00000002   PAD
    0x080002f0   0x080002f0   0x00000210   Code   RO          555    .text               system_stm32f4xx.o
    0x08000500   0x08000500   0x00000040   Code   RO          581    .text               led.o
    0x08000540   0x08000540   0x00003664   Code   RO          633    .text               lcd.o
    0x08003ba4   0x08003ba4   0x00000104   Code   RO          678    .text               key.o
    0x08003ca8   0x08003ca8   0x0000025c   Code   RO          702    .text               myiic.o
    0x08003f04   0x08003f04   0x0000017a   Code   RO          725    .text               24cxx.o
    0x0800407e   0x0800407e   0x00000002   PAD
    0x08004080   0x08004080   0x0000026c   Code   RO          748    .text               ctiic.o
    0x080042ec   0x080042ec   0x00000440   Code   RO          771    .text               gt9147.o
    0x0800472c   0x0800472c   0x00000390   Code   RO          812    .text               ott2001a.o
    0x08004abc   0x08004abc   0x0000033c   Code   RO          836    .text               ft5206.o
    0x08004df8   0x08004df8   0x000010dc   Code   RO          860    .text               touch.o
    0x08005ed4   0x08005ed4   0x0000007c   Code   RO          892    .text               timer.o
    0x08005f50   0x08005f50   0x00000104   Code   RO         1161    .text               delay.o
    0x08006054   0x08006054   0x00000148   Code   RO         1201    .text               usart.o
    0x0800619c   0x0800619c   0x00000040   Code   RO         1233    .text               startup_stm32f40_41xxx.o
    0x080061dc   0x080061dc   0x000000e0   Code   RO         1239    .text               misc.o
    0x080062bc   0x080062bc   0x00000294   Code   RO         1259    .text               stm32f4xx_gpio.o
    0x08006550   0x08006550   0x000005c8   Code   RO         1279    .text               stm32f4xx_fsmc.o
    0x08006b18   0x08006b18   0x0000065c   Code   RO         1302    .text               stm32f4xx_rcc.o
    0x08007174   0x08007174   0x00000454   Code   RO         1344    .text               stm32f4xx_usart.o
    0x080075c8   0x080075c8   0x00000ca2   Code   RO         1364    .text               stm32f4xx_tim.o
    0x0800826a   0x0800826a   0x00000112   Code   RO         1382    .text               lv_disp.o
    0x0800837c   0x0800837c   0x00000880   Code   RO         1462    .text               lv_group.o
    0x08008bfc   0x08008bfc   0x0000142c   Code   RO         1558    .text               lv_indev.o
    0x0800a028   0x0800a028   0x00001864   Code   RO         1600    .text               lv_obj.o
    0x0800b88c   0x0800b88c   0x000007f0   Code   RO         1682    .text               lv_refr.o
    0x0800c07c   0x0800c07c   0x00000a94   Code   RO         1709    .text               lv_style.o
    0x0800cb10   0x0800cb10   0x00000164   Code   RO         1740    .text               lv_draw.o
    0x0800cc74   0x0800cc74   0x00000a04   Code   RO         1852    .text               lv_draw_basic.o
    0x0800d678   0x0800d678   0x00000954   Code   RO         1924    .text               lv_draw_img.o
    0x0800dfcc   0x0800dfcc   0x00000544   Code   RO         1952    .text               lv_draw_label.o
    0x0800e510   0x0800e510   0x00002d2a   Code   RO         2005    .text               lv_draw_rect.o
    0x0801123a   0x0801123a   0x00000002   PAD
    0x0801123c   0x0801123c   0x00000208   Code   RO         2055    .text               lv_img_cache.o
    0x08011444   0x08011444   0x00000760   Code   RO         2085    .text               lv_img_decoder.o
    0x08011ba4   0x08011ba4   0x00000054   Code   RO         2139    .text               lv_font.o
    0x08011bf8   0x08011bf8   0x00000374   Code   RO         2170    .text               lv_font_fmt_txt.o
    0x08011f6c   0x08011f6c   0x000002dc   Code   RO         2583    .text               lv_hal_disp.o
    0x08012248   0x08012248   0x000000f8   Code   RO         2670    .text               lv_hal_indev.o
    0x08012340   0x08012340   0x0000004c   Code   RO         2744    .text               lv_hal_tick.o
    0x0801238c   0x0801238c   0x0000051a   Code   RO         2764    .text               lv_anim.o
    0x080128a6   0x080128a6   0x00000216   Code   RO         2838    .text               lv_area.o
    0x08012abc   0x08012abc   0x0000005c   Code   RO         2853    .text               lv_async.o
    0x08012b18   0x08012b18   0x00000062   Code   RO         2871    .text               lv_circ.o
    0x08012b7a   0x08012b7a   0x0000037a   Code   RO         2939    .text               lv_ll.o
    0x08012ef4   0x08012ef4   0x000000cc   Code   RO         2957    .text               lv_math.o
    0x08012fc0   0x08012fc0   0x00000300   Code   RO         2971    .text               lv_mem.o
    0x080132c0   0x080132c0   0x00000364   Code   RO         2986    .text               lv_task.o
    0x08013624   0x08013624   0x00000684   Code   RO         3009    .text               lv_txt.o
    0x08013ca8   0x08013ca8   0x000000d4   Code   RO         3034    .text               lv_utils.o
    0x08013d7c   0x08013d7c   0x00000c6c   Code   RO         3518    .text               lv_cont.o
    0x080149e8   0x080149e8   0x000013ac   Code   RO         3700    .text               lv_label.o
    0x08015d94   0x08015d94   0x0000009c   Code   RO         4350    .text               lv_theme.o
    0x08015e30   0x08015e30   0x0000007c   Code   RO         4669    .text               lv_port_disp.o
    0x08015eac   0x08015eac   0x0000007c   Code   RO         4936    .text               lv_port_indev.o
    0x08015f28   0x08015f28   0x00000234   Code   RO         5193    .text               lv_cont_test.o
    0x0801615c   0x0801615c   0x00000002   Code   RO         5261    .text               c_w.l(use_no_semi_2.o)
    0x0801615e   0x0801615e   0x00000002   PAD
    0x08016160   0x08016160   0x00000018   Code   RO         5267    .text               c_w.l(noretval__2printf.o)
    0x08016178   0x08016178   0x00000028   Code   RO         5269    .text               c_w.l(noretval__2sprintf.o)
    0x080161a0   0x080161a0   0x00000068   Code   RO         5271    .text               c_w.l(__printf.o)
    0x08016208   0x08016208   0x00000052   Code   RO         5273    .text               c_w.l(_printf_str.o)
    0x0801625a   0x0801625a   0x00000002   PAD
    0x0801625c   0x0801625c   0x00000078   Code   RO         5275    .text               c_w.l(_printf_dec.o)
    0x080162d4   0x080162d4   0x00000058   Code   RO         5280    .text               c_w.l(_printf_hex_int.o)
    0x0801632c   0x0801632c   0x00000048   Code   RO         5322    .text               c_w.l(strcpy.o)
    0x08016374   0x08016374   0x0000003e   Code   RO         5324    .text               c_w.l(strlen.o)
    0x080163b2   0x080163b2   0x0000008a   Code   RO         5326    .text               c_w.l(rt_memcpy_v6.o)
    0x0801643c   0x0801643c   0x00000064   Code   RO         5328    .text               c_w.l(rt_memcpy_w.o)
    0x080164a0   0x080164a0   0x00000010   Code   RO         5330    .text               c_w.l(aeabi_memset.o)
    0x080164b0   0x080164b0   0x00000044   Code   RO         5332    .text               c_w.l(rt_memclr.o)
    0x080164f4   0x080164f4   0x0000004e   Code   RO         5334    .text               c_w.l(rt_memclr_w.o)
    0x08016542   0x08016542   0x00000002   PAD
    0x08016544   0x08016544   0x00000080   Code   RO         5336    .text               c_w.l(strcmpv7m.o)
    0x080165c4   0x080165c4   0x00000006   Code   RO         5338    .text               c_w.l(heapauxi.o)
    0x080165ca   0x080165ca   0x00000002   Code   RO         5378    .text               c_w.l(use_no_semi.o)
    0x080165cc   0x080165cc   0x00000016   Code   RO         5381    .text               c_w.l(_rserrno.o)
    0x080165e2   0x080165e2   0x000000b2   Code   RO         5383    .text               c_w.l(_printf_intcommon.o)
    0x08016694   0x08016694   0x00000030   Code   RO         5385    .text               c_w.l(_printf_char_common.o)
    0x080166c4   0x080166c4   0x0000000a   Code   RO         5387    .text               c_w.l(_sputc.o)
    0x080166ce   0x080166ce   0x0000002c   Code   RO         5389    .text               c_w.l(_printf_char.o)
    0x080166fa   0x080166fa   0x00000002   PAD
    0x080166fc   0x080166fc   0x00000024   Code   RO         5391    .text               c_w.l(_printf_char_file.o)
    0x08016720   0x08016720   0x00000008   Code   RO         5423    .text               c_w.l(rt_errno_addr_intlibspace.o)
    0x08016728   0x08016728   0x00000008   Code   RO         5427    .text               c_w.l(ferror.o)
    0x08016730   0x08016730   0x00000008   Code   RO         5431    .text               c_w.l(libspace.o)
    0x08016738   0x08016738   0x0000004a   Code   RO         5434    .text               c_w.l(sys_stackheap_outer.o)
    0x08016782   0x08016782   0x00000012   Code   RO         5436    .text               c_w.l(exit.o)
    0x08016794   0x08016794   0x0000007a   Code   RO         5366    i.__hardfp_sqrt     m_wm.l(sqrt.o)
    0x0801680e   0x0801680e   0x00000002   PAD
    0x08016810   0x08016810   0x00000150   Code   RO         5342    x$fpl$dadd          fz_wm.l(daddsub_clz.o)
    0x08016960   0x08016960   0x00000018   Code   RO         5394    x$fpl$dcmpinf       fz_wm.l(dcmpi.o)
    0x08016978   0x08016978   0x0000005a   Code   RO         5348    x$fpl$dfixu         fz_wm.l(dfixu.o)
    0x080169d2   0x080169d2   0x0000002e   Code   RO         5353    x$fpl$dflt          fz_wm.l(dflt_clz.o)
    0x08016a00   0x08016a00   0x00000026   Code   RO         5352    x$fpl$dfltu         fz_wm.l(dflt_clz.o)
    0x08016a26   0x08016a26   0x00000002   PAD
    0x08016a28   0x08016a28   0x00000078   Code   RO         5358    x$fpl$dleqf         fz_wm.l(dleqf.o)
    0x08016aa0   0x08016aa0   0x00000154   Code   RO         5360    x$fpl$dmul          fz_wm.l(dmul.o)
    0x08016bf4   0x08016bf4   0x0000009c   Code   RO         5396    x$fpl$dnaninf       fz_wm.l(dnaninf.o)
    0x08016c90   0x08016c90   0x0000000c   Code   RO         5398    x$fpl$dretinf       fz_wm.l(dretinf.o)
    0x08016c9c   0x08016c9c   0x0000006c   Code   RO         5362    x$fpl$drleqf        fz_wm.l(drleqf.o)
    0x08016d08   0x08016d08   0x00000016   Code   RO         5343    x$fpl$drsb          fz_wm.l(daddsub_clz.o)
    0x08016d1e   0x08016d1e   0x00000002   PAD
    0x08016d20   0x08016d20   0x00000198   Code   RO         5400    x$fpl$dsqrt         fz_wm.l(dsqrt_umaal.o)
    0x08016eb8   0x08016eb8   0x000001d4   Code   RO         5344    x$fpl$dsub          fz_wm.l(daddsub_clz.o)
    0x0801708c   0x0801708c   0x00000056   Code   RO         5364    x$fpl$f2d           fz_wm.l(f2d.o)
    0x080170e2   0x080170e2   0x0000008c   Code   RO         5402    x$fpl$fnaninf       fz_wm.l(fnaninf.o)
    0x0801716e   0x0801716e   0x0000000a   Code   RO         5500    x$fpl$fpinit        fz_wm.l(fpinit.o)
    0x08017178   0x08017178   0x00000000   Code   RO         5404    x$fpl$usenofp       fz_wm.l(usenofp.o)
    0x08017178   0x08017178   0x000017c0   Data   RO          635    .constdata          lcd.o
    0x08018938   0x08018938   0x000000c2   Data   RO          772    .constdata          gt9147.o
    0x080189fa   0x080189fa   0x0000000a   Data   RO          813    .constdata          ott2001a.o
    0x08018a04   0x08018a04   0x0000000a   Data   RO          837    .constdata          ft5206.o
    0x08018a0e   0x08018a0e   0x00000002   PAD
    0x08018a10   0x08018a10   0x00000004   Data   RO          861    .constdata          touch.o
    0x08018a14   0x08018a14   0x0000001c   Data   RO         1280    .constdata          stm32f4xx_fsmc.o
    0x08018a30   0x08018a30   0x0000002e   Data   RO         1463    .constdata          lv_group.o
    0x08018a5e   0x08018a5e   0x00000002   PAD
    0x08018a60   0x08018a60   0x00000016   Data   RO         1711    .constdata          lv_style.o
    0x08018a76   0x08018a76   0x00000024   Data   RO         1741    .constdata          lv_draw.o
    0x08018a9a   0x08018a9a   0x00000011   Data   RO         2006    .constdata          lv_draw_rect.o
    0x08018aab   0x08018aab   0x00000001   PAD
    0x08018aac   0x08018aac   0x00002db8   Data   RO         2437    .constdata          lv_font_roboto_16.o
    0x0801b864   0x0801b864   0x00000002   Data   RO         2584    .constdata          lv_hal_disp.o
    0x0801b866   0x0801b866   0x000000b6   Data   RO         2958    .constdata          lv_math.o
    0x0801b91c   0x0801b91c   0x0000003e   Data   RO         5195    .constdata          lv_cont_test.o
    0x0801b95a   0x0801b95a   0x00000028   Data   RO         5281    .constdata          c_w.l(_printf_hex_int.o)
    0x0801b982   0x0801b982   0x00000002   PAD
    0x0801b984   0x0801b984   0x00000079   Data   RO          862    .conststring        touch.o
    0x0801b9fd   0x0801b9fd   0x00000003   PAD
    0x0801ba00   0x0801ba00   0x000000dd   Data   RO         5196    .conststring        lv_cont_test.o
    0x0801badd   0x0801badd   0x00000003   PAD
    0x0801bae0   0x0801bae0   0x00000020   Data   RO         5566    Region$$Table       anon$$obj.o


    Execution Region RW_IRAM2 (Exec base: 0x10000000, Load base: 0x0801bb8c, Size: 0x00000000, Max: 0x00010000, ABSOLUTE)

    **** No section assigned to this execution region ****


    Execution Region RW_IRAM1 (Exec base: 0x20000000, Load base: 0x0801bb00, Size: 0x0000a960, Max: 0x00020000, ABSOLUTE, COMPRESSED[0x0000008c])

    Exec Addr    Load Addr    Size         Type   Attr      Idx    E Section Name        Object

    0x20000000   COMPRESSED   0x00000014   Data   RW          556    .data               system_stm32f4xx.o
    0x20000014   COMPRESSED   0x00000004   Data   RW          636    .data               lcd.o
    0x20000018   COMPRESSED   0x00000001   Data   RW          679    .data               key.o
    0x20000019   COMPRESSED   0x00000001   Data   RW          773    .data               gt9147.o
    0x2000001a   COMPRESSED   0x00000001   Data   RW          814    .data               ott2001a.o
    0x2000001b   COMPRESSED   0x00000001   Data   RW          838    .data               ft5206.o
    0x2000001c   COMPRESSED   0x00000036   Data   RW          863    .data               touch.o
    0x20000052   COMPRESSED   0x00000004   Data   RW         1162    .data               delay.o
    0x20000056   COMPRESSED   0x00000002   PAD
    0x20000058   COMPRESSED   0x00000006   Data   RW         1203    .data               usart.o
    0x2000005e   COMPRESSED   0x00000010   Data   RW         1303    .data               stm32f4xx_rcc.o
    0x2000006e   COMPRESSED   0x00000002   PAD
    0x20000070   COMPRESSED   0x00000008   Data   RW         1559    .data               lv_indev.o
    0x20000078   COMPRESSED   0x0000000c   Data   RW         1601    .data               lv_obj.o
    0x20000084   COMPRESSED   0x00000008   Data   RW         1683    .data               lv_refr.o
    0x2000008c   COMPRESSED   0x00000024   Data   RW         1742    .data               lv_draw.o
    0x200000b0   COMPRESSED   0x00000002   Data   RW         2056    .data               lv_img_cache.o
    0x200000b2   COMPRESSED   0x00000002   PAD
    0x200000b4   COMPRESSED   0x0000002c   Data   RW         2438    .data               lv_font_roboto_16.o
    0x200000e0   COMPRESSED   0x00000004   Data   RW         2585    .data               lv_hal_disp.o
    0x200000e4   COMPRESSED   0x00000005   Data   RW         2745    .data               lv_hal_tick.o
    0x200000e9   COMPRESSED   0x00000003   PAD
    0x200000ec   COMPRESSED   0x00000005   Data   RW         2765    .data               lv_anim.o
    0x200000f1   COMPRESSED   0x00000003   PAD
    0x200000f4   COMPRESSED   0x0000000c   Data   RW         2914    .data               lv_gc.o
    0x20000100   COMPRESSED   0x00000008   Data   RW         2973    .data               lv_mem.o
    0x20000108   COMPRESSED   0x00000014   Data   RW         2987    .data               lv_task.o
    0x2000011c   COMPRESSED   0x00000020   Data   RW         3010    .data               lv_txt.o
    0x2000013c   COMPRESSED   0x00000004   Data   RW         3519    .data               lv_cont.o
    0x20000140   COMPRESSED   0x00000004   Data   RW         3701    .data               lv_label.o
    0x20000144   COMPRESSED   0x00000001   Data   RW         4352    .data               lv_theme.o
    0x20000145   COMPRESSED   0x00000001   PAD
    0x20000146   COMPRESSED   0x00000004   Data   RW         4937    .data               lv_port_indev.o
    0x2000014a   COMPRESSED   0x00000002   PAD
    0x2000014c   COMPRESSED   0x0000000b   Data   RW         5197    .data               lv_cont_test.o
    0x20000157   COMPRESSED   0x00000001   PAD
    0x20000158        -       0x0000000e   Zero   RW          634    .bss                lcd.o
    0x20000166        -       0x000000c8   Zero   RW         1202    .bss                usart.o
    0x2000022e   COMPRESSED   0x00000002   PAD
    0x20000230        -       0x0000030c   Zero   RW         1710    .bss                lv_style.o
    0x2000053c        -       0x00000060   Zero   RW         2913    .bss                lv_gc.o
    0x2000059c        -       0x00004000   Zero   RW         2972    .bss                lv_mem.o
    0x2000459c        -       0x00001a88   Zero   RW         4351    .bss                lv_theme.o
    0x20006024        -       0x00003e9c   Zero   RW         4670    .bss                lv_port_disp.o
    0x20009ec0        -       0x0000003c   Zero   RW         5194    .bss                lv_cont_test.o
    0x20009efc        -       0x00000060   Zero   RW         5432    .bss                c_w.l(libspace.o)
    0x20009f5c   COMPRESSED   0x00000004   PAD
    0x20009f60        -       0x00000200   Zero   RW         1231    HEAP                startup_stm32f40_41xxx.o
    0x2000a160        -       0x00000800   Zero   RW         1230    STACK               startup_stm32f40_41xxx.o


==============================================================================

Image component sizes


      Code (inc. data)   RO Data    RW Data    ZI Data      Debug   Object Name

       378          0          0          0          0       3158   24cxx.o
       620         24          0          0          0       2269   ctiic.o
       260          8          0          4          0       1817   delay.o
       828         40         10          1          0       3055   ft5206.o
      1088         78        194          1          0       3590   gt9147.o
       260         12          0          1          0       1048   key.o
     13924        140       6080          4         14      19958   lcd.o
        64          4          0          0          0     230175   led.o
      1306         18          0          5          0      18533   lv_anim.o
         0          0          0          0          0      14946   lv_arc.o
       534          0          0          0          0       4827   lv_area.o
        92          6          0          0          0       2740   lv_async.o
         0          0          0          0          0       7771   lv_bar.o
         0          0          0          0          0       3938   lv_calendar.o
        98          0          0          0          0       2673   lv_circ.o
      3180         22          0          4          0      16946   lv_cont.o
       564         82        283         11         60       5582   lv_cont_test.o
       274          0          0          0          0      23485   lv_disp.o
       356         12         36         36          0      21765   lv_draw.o
      2564         24          0          0          0      25279   lv_draw_basic.o
      2388         58          0          0          0      18205   lv_draw_img.o
      1348         22          0          0          0      12002   lv_draw_label.o
     11562         16         17          0          0      21493   lv_draw_rect.o
        84          0          0          0          0       3321   lv_font.o
       884         14          0          0          0       6923   lv_font_fmt_txt.o
         0          0          0          0          0       1908   lv_font_roboto_12.o
         0          0      11704         44          0       2444   lv_font_roboto_16.o
         0          0          0         12         96       8878   lv_gc.o
      2176         36         46          0          0      34933   lv_group.o
       732         20          2          4          0      28306   lv_hal_disp.o
       248          8          0          0          0      24228   lv_hal_indev.o
        76         10          0          5          0       2132   lv_hal_tick.o
       520         14          0          2          0       3422   lv_img_cache.o
      1888         28          0          0          0      14706   lv_img_decoder.o
      5164         36          0          8          0      25672   lv_indev.o
      5036        108          0          4          0      27245   lv_label.o
       890          0          0          0          0       6317   lv_ll.o
       204          4        182          0          0       2222   lv_math.o
       768         14          0          8      16384       4707   lv_mem.o
      6244        106          0         12          0      39481   lv_obj.o
         0          0          0          0          0      18330   lv_obj_test.o
       124         18          0          0      16028      24798   lv_port_disp.o
       124         18          0          4          0       1537   lv_port_indev.o
      2032         14          0          8          0       7361   lv_refr.o
      2708         84         22          0        780      10165   lv_style.o
       868         40          0         20          0       5288   lv_task.o
       156         18          0          1       6792      28898   lv_theme.o
      1668         36          0         32          0      10735   lv_txt.o
       212          0          0          0          0       1755   lv_utils.o
        88          6          0          0          0     232547   main.o
       224         20          0          0          0       2153   misc.o
       604         14          0          0          0       2088   myiic.o
       912         64         10          1          0       3251   ott2001a.o
        64         26        392          0       2560        960   startup_stm32f40_41xxx.o
      1480         18         28          0          0       6150   stm32f4xx_fsmc.o
       660         44          0          0          0       4497   stm32f4xx_gpio.o
        26          0          0          0          0      57986   stm32f4xx_it.o
      1628         52          0         16          0      13536   stm32f4xx_rcc.o
      3234         60          0          0          0      23352   stm32f4xx_tim.o
      1108         34          0          0          0       8220   stm32f4xx_usart.o
       528         46          0         20          0       2283   system_stm32f4xx.o
       124          4          0          0          0        996   timer.o
      4316        228        125         54          0       7505   touch.o
       328         16          0          6        200       3810   usart.o

    ----------------------------------------------------------------------
     89824       1824      19174        344      42916    1180301   Object Totals
         0          0         32          0          0          0   (incl. Generated)
         6          0         11         16          2          0   (incl. Padding)

    ----------------------------------------------------------------------

      Code (inc. data)   RO Data    RW Data    ZI Data      Debug   Library Member Name

        90          0          0          0          0          0   __dczerorl2.o
         8          0          0          0          0         68   __main.o
       104          0          0          0          0         84   __printf.o
         0          0          0          0          0          0   __rtentry.o
        12          0          0          0          0          0   __rtentry2.o
         6          0          0          0          0          0   __rtentry4.o
        52          8          0          0          0          0   __scatter.o
        28          0          0          0          0          0   __scatter_zi.o
        44          0          0          0          0        108   _printf_char.o
        48          6          0          0          0         96   _printf_char_common.o
        36          4          0          0          0         80   _printf_char_file.o
         6          0          0          0          0          0   _printf_d.o
       120         16          0          0          0         92   _printf_dec.o
        88          4         40          0          0         88   _printf_hex_int.o
       178          0          0          0          0         88   _printf_intcommon.o
         0          0          0          0          0          0   _printf_percent.o
         4          0          0          0          0          0   _printf_percent_end.o
         6          0          0          0          0          0   _printf_s.o
        82          0          0          0          0         80   _printf_str.o
         6          0          0          0          0          0   _printf_x.o
        22          0          0          0          0        100   _rserrno.o
        10          0          0          0          0         68   _sputc.o
        16          0          0          0          0         68   aeabi_memset.o
        18          0          0          0          0         80   exit.o
         8          0          0          0          0         68   ferror.o
         6          0          0          0          0        152   heapauxi.o
         2          0          0          0          0          0   libinit.o
         6          0          0          0          0          0   libinit2.o
         2          0          0          0          0          0   libshutdown.o
         2          0          0          0          0          0   libshutdown2.o
         8          4          0          0         96         68   libspace.o
        24          4          0          0          0         84   noretval__2printf.o
        40          6          0          0          0         84   noretval__2sprintf.o
         8          4          0          0          0         68   rt_errno_addr_intlibspace.o
        68          0          0          0          0         68   rt_memclr.o
        78          0          0          0          0         80   rt_memclr_w.o
       138          0          0          0          0         68   rt_memcpy_v6.o
       100          0          0          0          0         80   rt_memcpy_w.o
         2          0          0          0          0          0   rtexit.o
        10          0          0          0          0          0   rtexit2.o
       128          0          0          0          0         68   strcmpv7m.o
        72          0          0          0          0         80   strcpy.o
        62          0          0          0          0         76   strlen.o
        74          0          0          0          0         80   sys_stackheap_outer.o
         2          0          0          0          0         68   use_no_semi.o
         2          0          0          0          0         68   use_no_semi_2.o
       826         16          0          0          0        492   daddsub_clz.o
        24          0          0          0          0        116   dcmpi.o
        90          4          0          0          0        140   dfixu.o
        84          0          0          0          0        232   dflt_clz.o
       120          4          0          0          0        140   dleqf.o
       340         12          0          0          0        152   dmul.o
       156          4          0          0          0        140   dnaninf.o
        12          0          0          0          0        116   dretinf.o
       108          0          0          0          0        128   drleqf.o
       408         56          0          0          0        168   dsqrt_umaal.o
        86          4          0          0          0        132   f2d.o
       140          4          0          0          0        132   fnaninf.o
        10          0          0          0          0        116   fpinit.o
         0          0          0          0          0          0   usenofp.o
       122          0          0          0          0        148   sqrt.o

    ----------------------------------------------------------------------
      4368        160         42          0        100       4712   Library Totals
        16          0          2          0          4          0   (incl. Padding)

    ----------------------------------------------------------------------

      Code (inc. data)   RO Data    RW Data    ZI Data      Debug   Library Name

      1826         56         40          0         96       2360   c_w.l
      2404        104          0          0          0       2204   fz_wm.l
       122          0          0          0          0        148   m_wm.l

    ----------------------------------------------------------------------
      4368        160         42          0        100       4712   Library Totals

    ----------------------------------------------------------------------

==============================================================================


      Code (inc. data)   RO Data    RW Data    ZI Data      Debug   

     94192       1984      19216        344      43016    1171313   Grand Totals
     94192       1984      19216        140      43016    1171313   ELF Image Totals (compressed)
     94192       1984      19216        140          0          0   ROM Totals

==============================================================================

    Total RO  Size (Code + RO Data)               113408 ( 110.75kB)
    Total RW  Size (RW Data + ZI Data)             43360 (  42.34kB)
    Total ROM Size (Code + RO Data + RW Data)     113548 ( 110.89kB)

==============================================================================

